Archive member included to satisfy reference by file (symbol)

/apps/gcc-arm-none/bin/../lib/gcc/arm-none-eabi/11.3.1/thumb/v6-m/nofp/libgcc.a(_dvmd_tls.o)
                              CMakeFiles/blink.dir/apps/pico-sdk/src/rp2_common/pico_divider/divider.S.obj (__aeabi_idiv0)
/apps/gcc-arm-none/bin/../lib/gcc/arm-none-eabi/11.3.1/thumb/v6-m/nofp/libgcc.a(unwind-arm.o)
                              CMakeFiles/blink.dir/blink.cpp.obj (__aeabi_unwind_cpp_pr0)
/apps/gcc-arm-none/bin/../lib/gcc/arm-none-eabi/11.3.1/thumb/v6-m/nofp/libgcc.a(libunwind.o)
                              /apps/gcc-arm-none/bin/../lib/gcc/arm-none-eabi/11.3.1/thumb/v6-m/nofp/libgcc.a(unwind-arm.o) (restore_core_regs)
/apps/gcc-arm-none/bin/../lib/gcc/arm-none-eabi/11.3.1/thumb/v6-m/nofp/libgcc.a(pr-support.o)
                              /apps/gcc-arm-none/bin/../lib/gcc/arm-none-eabi/11.3.1/thumb/v6-m/nofp/libgcc.a(unwind-arm.o) (__gnu_unwind_execute)
/apps/gcc-arm-none/bin/../lib/gcc/arm-none-eabi/11.3.1/../../../../arm-none-eabi/lib/thumb/v6-m/nofp/libc.a(libc_a-malloc.o)
                              CMakeFiles/blink.dir/apps/pico-sdk/src/rp2_common/pico_malloc/pico_malloc.c.obj (malloc)
/apps/gcc-arm-none/bin/../lib/gcc/arm-none-eabi/11.3.1/../../../../arm-none-eabi/lib/thumb/v6-m/nofp/libc.a(libc_a-mallocr.o)
                              /apps/gcc-arm-none/bin/../lib/gcc/arm-none-eabi/11.3.1/../../../../arm-none-eabi/lib/thumb/v6-m/nofp/libc.a(libc_a-malloc.o) (_malloc_r)
/apps/gcc-arm-none/bin/../lib/gcc/arm-none-eabi/11.3.1/../../../../arm-none-eabi/lib/thumb/v6-m/nofp/libc.a(libc_a-abort.o)
                              /apps/gcc-arm-none/bin/../lib/gcc/arm-none-eabi/11.3.1/thumb/v6-m/nofp/libgcc.a(unwind-arm.o) (abort)
/apps/gcc-arm-none/bin/../lib/gcc/arm-none-eabi/11.3.1/../../../../arm-none-eabi/lib/thumb/v6-m/nofp/libc.a(libc_a-init.o)
                              /apps/gcc-arm-none/bin/../lib/gcc/arm-none-eabi/11.3.1/../../../../arm-none-eabi/lib/thumb/v6-m/nofp/crt0.o (__libc_init_array)
/apps/gcc-arm-none/bin/../lib/gcc/arm-none-eabi/11.3.1/../../../../arm-none-eabi/lib/thumb/v6-m/nofp/libc.a(libc_a-mlock.o)
                              /apps/gcc-arm-none/bin/../lib/gcc/arm-none-eabi/11.3.1/../../../../arm-none-eabi/lib/thumb/v6-m/nofp/libc.a(libc_a-mallocr.o) (__malloc_lock)
/apps/gcc-arm-none/bin/../lib/gcc/arm-none-eabi/11.3.1/../../../../arm-none-eabi/lib/thumb/v6-m/nofp/libc.a(libc_a-calloc.o)
                              CMakeFiles/blink.dir/apps/pico-sdk/src/rp2_common/pico_malloc/pico_malloc.c.obj (calloc)
/apps/gcc-arm-none/bin/../lib/gcc/arm-none-eabi/11.3.1/../../../../arm-none-eabi/lib/thumb/v6-m/nofp/libc.a(libc_a-callocr.o)
                              /apps/gcc-arm-none/bin/../lib/gcc/arm-none-eabi/11.3.1/../../../../arm-none-eabi/lib/thumb/v6-m/nofp/libc.a(libc_a-calloc.o) (_calloc_r)
/apps/gcc-arm-none/bin/../lib/gcc/arm-none-eabi/11.3.1/../../../../arm-none-eabi/lib/thumb/v6-m/nofp/libc.a(libc_a-realloc.o)
                              CMakeFiles/blink.dir/apps/pico-sdk/src/rp2_common/pico_malloc/pico_malloc.c.obj (realloc)
/apps/gcc-arm-none/bin/../lib/gcc/arm-none-eabi/11.3.1/../../../../arm-none-eabi/lib/thumb/v6-m/nofp/libc.a(libc_a-impure.o)
                              /apps/gcc-arm-none/bin/../lib/gcc/arm-none-eabi/11.3.1/../../../../arm-none-eabi/lib/thumb/v6-m/nofp/libc.a(libc_a-malloc.o) (_impure_ptr)
/apps/gcc-arm-none/bin/../lib/gcc/arm-none-eabi/11.3.1/../../../../arm-none-eabi/lib/thumb/v6-m/nofp/libc.a(libc_a-findfp.o)
                              /apps/gcc-arm-none/bin/../lib/gcc/arm-none-eabi/11.3.1/../../../../arm-none-eabi/lib/thumb/v6-m/nofp/libc.a(libc_a-impure.o) (__sf)
/apps/gcc-arm-none/bin/../lib/gcc/arm-none-eabi/11.3.1/../../../../arm-none-eabi/lib/thumb/v6-m/nofp/libc.a(libc_a-strlen-stub.o)
                              CMakeFiles/blink.dir/apps/pico-sdk/src/rp2_common/pico_stdio/stdio.c.obj (strlen)
/apps/gcc-arm-none/bin/../lib/gcc/arm-none-eabi/11.3.1/../../../../arm-none-eabi/lib/thumb/v6-m/nofp/libc.a(libc_a-reallocr.o)
                              /apps/gcc-arm-none/bin/../lib/gcc/arm-none-eabi/11.3.1/../../../../arm-none-eabi/lib/thumb/v6-m/nofp/libc.a(libc_a-realloc.o) (_realloc_r)
/apps/gcc-arm-none/bin/../lib/gcc/arm-none-eabi/11.3.1/../../../../arm-none-eabi/lib/thumb/v6-m/nofp/libc.a(libc_a-freer.o)
                              /apps/gcc-arm-none/bin/../lib/gcc/arm-none-eabi/11.3.1/../../../../arm-none-eabi/lib/thumb/v6-m/nofp/libc.a(libc_a-malloc.o) (_free_r)
/apps/gcc-arm-none/bin/../lib/gcc/arm-none-eabi/11.3.1/../../../../arm-none-eabi/lib/thumb/v6-m/nofp/libc.a(libc_a-signal.o)
                              /apps/gcc-arm-none/bin/../lib/gcc/arm-none-eabi/11.3.1/../../../../arm-none-eabi/lib/thumb/v6-m/nofp/libc.a(libc_a-abort.o) (raise)
/apps/gcc-arm-none/bin/../lib/gcc/arm-none-eabi/11.3.1/../../../../arm-none-eabi/lib/thumb/v6-m/nofp/libc.a(libc_a-stdio.o)
[...]
Memory Configuration

Name             Origin             Length             Attributes
FLASH            0x0000000010000000 0x0000000000200000 xr
RAM              0x0000000020000000 0x0000000000040000 xrw
SCRATCH_X        0x0000000020040000 0x0000000000001000 xrw
SCRATCH_Y        0x0000000020041000 0x0000000000001000 xrw
*default*        0x0000000000000000 0xffffffffffffffff

Linker script and memory map

LOAD /apps/gcc-arm-none/bin/../lib/gcc/arm-none-eabi/11.3.1/thumb/v6-m/nofp/crti.o
LOAD /apps/gcc-arm-none/bin/../lib/gcc/arm-none-eabi/11.3.1/thumb/v6-m/nofp/crtbegin.o
LOAD /apps/gcc-arm-none/bin/../lib/gcc/arm-none-eabi/11.3.1/../../../../arm-none-eabi/lib/thumb/v6-m/nofp/crt0.o

.flash_begin    0x0000000010000000        0x0
                0x0000000010000000                __flash_binary_start = .

.boot2          0x0000000010000000      0x100
                0x0000000010000000                __boot2_start__ = .
 *(.boot2)
 .boot2         0x0000000010000000      0x100 /tmp/ccWXpCGL.o
                0x0000000010000100                __boot2_end__ = .
                0x0000000000000001                ASSERT (((__boot2_end__ - __boot2_start__) == 0x100), ERROR: Pico second stage bootloader must be 256 bytes in size)

.text           0x0000000010000100     0x4618
                0x0000000010000100                __logical_binary_start = .
 *(.vectors)
 .vectors       0x0000000010000100       0xd4 CMakeFiles/blink.dir/apps/pico-sdk/src/rp2_common/pico_standard_link/crt0.S.obj
                0x0000000010000100                __vectors
                0x0000000010000100                __VECTOR_TABLE
                0x00000000100001c0                isr_invalid
                0x00000000100001c0                __default_isrs_start
                0x00000000100001c2                isr_nmi
                0x00000000100001c4                isr_hardfault
                0x00000000100001c6                isr_svcall
                0x00000000100001c8                isr_pendsv
                0x00000000100001ca                isr_systick
                0x00000000100001cc                isr_irq30
                0x00000000100001cc                __unhandled_user_irq
                0x00000000100001cc                isr_irq13
                0x00000000100001cc                isr_irq27
                0x00000000100001cc                isr_irq31
                0x00000000100001cc                isr_irq5
                0x00000000100001cc                isr_irq11
                0x00000000100001cc                isr_irq23
                0x00000000100001cc                isr_irq18
                0x00000000100001cc                isr_irq28
                0x00000000100001cc                isr_irq19
                0x00000000100001cc                isr_irq0
                0x00000000100001cc                isr_irq6
                0x00000000100001cc                isr_irq22
                0x00000000100001cc                isr_irq17
                0x00000000100001cc                isr_irq14
                0x00000000100001cc                isr_irq2
                0x00000000100001cc                isr_irq10
                0x00000000100001cc                isr_irq8
                0x00000000100001cc                isr_irq24
                0x00000000100001cc                isr_irq1
                0x00000000100001cc                isr_irq7
                0x00000000100001cc                isr_irq21
                0x00000000100001cc                isr_irq20
                0x00000000100001cc                isr_irq15
                0x00000000100001cc                isr_irq25
                0x00000000100001cc                isr_irq4
                0x00000000100001cc                isr_irq16
                0x00000000100001cc                isr_irq29
                0x00000000100001cc                isr_irq26
                0x00000000100001cc                __default_isrs_end
                0x00000000100001cc                isr_irq3
                0x00000000100001cc                isr_irq12
                0x00000000100001cc                isr_irq9
                0x00000000100001d2                unhandled_user_irq_num_in_r0
 *(.binary_info_header)
 .binary_info_header
                0x00000000100001d4       0x14 CMakeFiles/blink.dir/apps/pico-sdk/src/rp2_common/pico_standard_link/crt0.S.obj
                0x00000000100001e8                __binary_info_header_end = .
 *(.reset)
 .reset         0x00000000100001e8       0xa0 CMakeFiles/blink.dir/apps/pico-sdk/src/rp2_common/pico_standard_link/crt0.S.obj
                0x00000000100001e8                _entry_point
 .reset         0x0000000010000288       0x30 CMakeFiles/blink.dir/apps/pico-sdk/src/rp2_common/pico_standard_link/binary_info.c.obj
 *(.init)
 .init          0x00000000100002b8        0x4 /apps/gcc-arm-none/bin/../lib/gcc/arm-none-eabi/11.3.1/thumb/v6-m/nofp/crti.o
                0x00000000100002b8                _init
 *(EXCLUDE_FILE(*libm.a: *libc.a:*lib_a-mem*.o *libgcc.a:) .text*)
 .text.register_tm_clones
                0x00000000100002bc       0x28 /apps/gcc-arm-none/bin/../lib/gcc/arm-none-eabi/11.3.1/thumb/v6-m/nofp/crtbegin.o
 .text.frame_dummy
                0x00000000100002e4       0x24 /apps/gcc-arm-none/bin/../lib/gcc/arm-none-eabi/11.3.1/thumb/v6-m/nofp/crtbegin.o
 .text.startup.main
                0x0000000010000308       0xcc CMakeFiles/blink.dir/blink.cpp.obj
                0x0000000010000308                main
 .text.gpio_set_function
                0x00000000100003d4       0x30 CMakeFiles/blink.dir/apps/pico-sdk/src/rp2_common/hardware_gpio/gpio.c.obj
                0x00000000100003d4                gpio_set_function
 .text.gpio_set_pulls
                0x0000000010000404       0x24 CMakeFiles/blink.dir/apps/pico-sdk/src/rp2_common/hardware_gpio/gpio.c.obj
                0x0000000010000404                gpio_set_pulls
 .text.gpio_init
                0x0000000010000428       0x3c CMakeFiles/blink.dir/apps/pico-sdk/src/rp2_common/hardware_gpio/gpio.c.obj
                0x0000000010000428                gpio_init
 .text.running_on_fpga
                0x0000000010000464       0x10 CMakeFiles/blink.dir/apps/pico-sdk/src/rp2_common/pico_platform/platform.c.obj
                0x0000000010000464                running_on_fpga
 .text.hw_claim_or_assert
                0x0000000010000474       0x44 CMakeFiles/blink.dir/apps/pico-sdk/src/rp2_common/hardware_claim/claim.c.obj
                0x0000000010000474                hw_claim_or_assert
 .text.spin_locks_reset
                0x00000000100004b8       0x1c CMakeFiles/blink.dir/apps/pico-sdk/src/rp2_common/hardware_sync/sync.c.obj
                0x00000000100004b8                spin_locks_reset
 .text.next_striped_spin_lock_num
                0x00000000100004d4       0x18 CMakeFiles/blink.dir/apps/pico-sdk/src/rp2_common/hardware_sync/sync.c.obj
                0x00000000100004d4                next_striped_spin_lock_num
 .text.irq_set_enabled
                0x00000000100004ec       0x24 CMakeFiles/blink.dir/apps/pico-sdk/src/rp2_common/hardware_irq/irq.c.obj
                0x00000000100004ec                irq_set_enabled
 .text.irq_get_vtable_handler
                0x0000000010000510       0x10 CMakeFiles/blink.dir/apps/pico-sdk/src/rp2_common/hardware_irq/irq.c.obj
                0x0000000010000510                irq_get_vtable_handler
 .text.irq_set_exclusive_handler
                0x0000000010000520       0x54 CMakeFiles/blink.dir/apps/pico-sdk/src/rp2_common/hardware_irq/irq.c.obj
                0x0000000010000520                irq_set_exclusive_handler
 .text.irq_remove_handler
                0x0000000010000574      0x1b0 CMakeFiles/blink.dir/apps/pico-sdk/src/rp2_common/hardware_irq/irq.c.obj
                0x0000000010000574                irq_remove_handler
 .text.irq_add_tail_to_free_list
                0x0000000010000724       0xb4 CMakeFiles/blink.dir/apps/pico-sdk/src/rp2_common/hardware_irq/irq.c.obj
                0x0000000010000724                irq_add_tail_to_free_list
 .text.irq_init_priorities
                0x00000000100007d8       0x24 CMakeFiles/blink.dir/apps/pico-sdk/src/rp2_common/hardware_irq/irq.c.obj
                0x00000000100007d8                irq_init_priorities
 .text.lock_init
                0x00000000100007fc       0x10 CMakeFiles/blink.dir/apps/pico-sdk/src/common/pico_sync/lock_core.c.obj
                0x00000000100007fc                lock_init
 .text.mutex_init
                0x000000001000080c       0x1c CMakeFiles/blink.dir/apps/pico-sdk/src/common/pico_sync/mutex.c.obj
                0x000000001000080c                mutex_init
 .text.recursive_mutex_init
                0x0000000010000828       0x1c CMakeFiles/blink.dir/apps/pico-sdk/src/common/pico_sync/mutex.c.obj
                0x0000000010000828                recursive_mutex_init
 .text.timer_pool_entry_comparator
                0x0000000010000844       0x34 CMakeFiles/blink.dir/apps/pico-sdk/src/common/pico_time/time.c.obj
                0x0000000010000844                timer_pool_entry_comparator
 .text.sleep_until_callback
                0x0000000010000878       0x30 CMakeFiles/blink.dir/apps/pico-sdk/src/common/pico_time/time.c.obj
 .text.add_alarm_under_lock.isra.0
                0x00000000100008a8      0x104 CMakeFiles/blink.dir/apps/pico-sdk/src/common/pico_time/time.c.obj
 .text.alarm_pool_alarm_callback
                0x00000000100009ac      0x1c4 CMakeFiles/blink.dir/apps/pico-sdk/src/common/pico_time/time.c.obj
 .text.alarm_pool_init_default
                0x0000000010000b70       0x6c CMakeFiles/blink.dir/apps/pico-sdk/src/common/pico_time/time.c.obj
                0x0000000010000b70                alarm_pool_init_default
 .text.alarm_pool_add_alarm_at
                0x0000000010000bdc      0x184 CMakeFiles/blink.dir/apps/pico-sdk/src/common/pico_time/time.c.obj
                0x0000000010000bdc                alarm_pool_add_alarm_at
 .text.sleep_until
                0x0000000010000d60       0xc4 CMakeFiles/blink.dir/apps/pico-sdk/src/common/pico_time/time.c.obj
                0x0000000010000d60                sleep_until
 .text.sleep_ms
                0x0000000010000e24       0x38 CMakeFiles/blink.dir/apps/pico-sdk/src/common/pico_time/time.c.obj
                0x0000000010000e24                sleep_ms
 .text.best_effort_wfe_or_timeout
                0x0000000010000e5c       0xd4 CMakeFiles/blink.dir/apps/pico-sdk/src/common/pico_time/time.c.obj
                0x0000000010000e5c                best_effort_wfe_or_timeout
 .text.hardware_alarm_irq_handler
                0x0000000010000f30       0xbc CMakeFiles/blink.dir/apps/pico-sdk/src/rp2_common/hardware_timer/timer.c.obj
 .text.hardware_alarm_claim
                0x0000000010000fec       0x18 CMakeFiles/blink.dir/apps/pico-sdk/src/rp2_common/hardware_timer/timer.c.obj
                0x0000000010000fec                hardware_alarm_claim
 .text.time_us_64
                0x0000000010001004       0x14 CMakeFiles/blink.dir/apps/pico-sdk/src/rp2_common/hardware_timer/timer.c.obj
                0x0000000010001004                time_us_64
 .text.busy_wait_us
                0x0000000010001018       0x54 CMakeFiles/blink.dir/apps/pico-sdk/src/rp2_common/hardware_timer/timer.c.obj
                0x0000000010001018                busy_wait_us
 .text.busy_wait_until
                0x000000001000106c       0x20 CMakeFiles/blink.dir/apps/pico-sdk/src/rp2_common/hardware_timer/timer.c.obj
                0x000000001000106c                busy_wait_until
 .text.hardware_alarm_set_callback
                0x000000001000108c       0x8c CMakeFiles/blink.dir/apps/pico-sdk/src/rp2_common/hardware_timer/timer.c.obj
                0x000000001000108c                hardware_alarm_set_callback
 .text.hardware_alarm_set_target
                0x0000000010001118       0xd4 CMakeFiles/blink.dir/apps/pico-sdk/src/rp2_common/hardware_timer/timer.c.obj
                0x0000000010001118                hardware_alarm_set_target
 .text.hardware_alarm_cancel
                0x00000000100011ec       0x3c CMakeFiles/blink.dir/apps/pico-sdk/src/rp2_common/hardware_timer/timer.c.obj
                0x00000000100011ec                hardware_alarm_cancel
 .text.ph_merge_nodes
                0x0000000010001228       0x68 CMakeFiles/blink.dir/apps/pico-sdk/src/common/pico_util/pheap.c.obj
 .text.ph_post_alloc_init
                0x0000000010001290       0x3c CMakeFiles/blink.dir/apps/pico-sdk/src/common/pico_util/pheap.c.obj
                0x0000000010001290                ph_post_alloc_init
 .text.ph_merge_two_pass
                0x00000000100012cc       0x9c CMakeFiles/blink.dir/apps/pico-sdk/src/common/pico_util/pheap.c.obj
                0x00000000100012cc                ph_merge_two_pass
 .text.ph_remove_any_head
                0x0000000010001368      0x100 CMakeFiles/blink.dir/apps/pico-sdk/src/common/pico_util/pheap.c.obj
 .text.ph_remove_head
                0x0000000010001468      0x104 CMakeFiles/blink.dir/apps/pico-sdk/src/common/pico_util/pheap.c.obj
                0x0000000010001468                ph_remove_head
 .text.ph_remove_and_free_node
                0x000000001000156c       0x7c CMakeFiles/blink.dir/apps/pico-sdk/src/common/pico_util/pheap.c.obj
                0x000000001000156c                ph_remove_and_free_node
 .text.uart_init
                0x00000000100015e8      0x188 CMakeFiles/blink.dir/apps/pico-sdk/src/rp2_common/hardware_uart/uart.c.obj
                0x00000000100015e8                uart_init
 .text.clocks_init
                0x0000000010001770      0x2c4 CMakeFiles/blink.dir/apps/pico-sdk/src/rp2_common/hardware_clocks/clocks.c.obj
                0x0000000010001770                clocks_init
 .text.clock_get_hz
                0x0000000010001a34        0xc CMakeFiles/blink.dir/apps/pico-sdk/src/rp2_common/hardware_clocks/clocks.c.obj
                0x0000000010001a34                clock_get_hz
 .text.pll_init
                0x0000000010001a40       0xa0 CMakeFiles/blink.dir/apps/pico-sdk/src/rp2_common/hardware_pll/pll.c.obj
                0x0000000010001a40                pll_init
 .text.watchdog_start_tick
                0x0000000010001ae0       0x10 CMakeFiles/blink.dir/apps/pico-sdk/src/rp2_common/hardware_watchdog/watchdog.c.obj
                0x0000000010001ae0                watchdog_start_tick
 .text.xosc_init
                0x0000000010001af0       0x28 CMakeFiles/blink.dir/apps/pico-sdk/src/rp2_common/hardware_xosc/xosc.c.obj
                0x0000000010001af0                xosc_init
 .text.runtime_init
                0x0000000010001b18       0xf0 CMakeFiles/blink.dir/apps/pico-sdk/src/rp2_common/pico_runtime/runtime.c.obj
                0x0000000010001b18                runtime_init
 .text._exit    0x0000000010001c08        0x4 CMakeFiles/blink.dir/apps/pico-sdk/src/rp2_common/pico_runtime/runtime.c.obj
                0x0000000010001c08                _exit
 .text._getpid  0x0000000010001c0c        0x4 CMakeFiles/blink.dir/apps/pico-sdk/src/rp2_common/pico_runtime/runtime.c.obj
                0x0000000010001c0c                _getpid
 .text._kill    0x0000000010001c10        0x8 CMakeFiles/blink.dir/apps/pico-sdk/src/rp2_common/pico_runtime/runtime.c.obj
                0x0000000010001c10                _kill
 .text.exit     0x0000000010001c18        0x8 CMakeFiles/blink.dir/apps/pico-sdk/src/rp2_common/pico_runtime/runtime.c.obj
                0x0000000010001c18                exit
 .text.panic    0x0000000010001c20       0x30 CMakeFiles/blink.dir/apps/pico-sdk/src/rp2_common/pico_runtime/runtime.c.obj
                0x0000000010001c20                panic
 .text.hard_assertion_failure
                0x0000000010001c50        0xc CMakeFiles/blink.dir/apps/pico-sdk/src/rp2_common/pico_runtime/runtime.c.obj
                0x0000000010001c50                hard_assertion_failure
 .text._out_null
                0x0000000010001c5c        0x4 CMakeFiles/blink.dir/apps/pico-sdk/src/rp2_common/pico_printf/printf.c.obj
 .text._out_rev
                0x0000000010001c60       0x90 CMakeFiles/blink.dir/apps/pico-sdk/src/rp2_common/pico_printf/printf.c.obj
 .text._ntoa_format
                0x0000000010001cf0      0x1cc CMakeFiles/blink.dir/apps/pico-sdk/src/rp2_common/pico_printf/printf.c.obj
 .text._out_char
                0x0000000010001ebc       0x10 CMakeFiles/blink.dir/apps/pico-sdk/src/rp2_common/pico_printf/printf.c.obj
 .text._out_fct
                0x0000000010001ecc       0x10 CMakeFiles/blink.dir/apps/pico-sdk/src/rp2_common/pico_printf/printf.c.obj
 .text._etoa    0x0000000010001edc      0x44c CMakeFiles/blink.dir/apps/pico-sdk/src/rp2_common/pico_printf/printf.c.obj
 .text._ftoa    0x0000000010002328      0x3d0 CMakeFiles/blink.dir/apps/pico-sdk/src/rp2_common/pico_printf/printf.c.obj
 .text._vsnprintf
                0x00000000100026f8      0xabc CMakeFiles/blink.dir/apps/pico-sdk/src/rp2_common/pico_printf/printf.c.obj
 .text.vfctprintf
                0x00000000100031b4       0x20 CMakeFiles/blink.dir/apps/pico-sdk/src/rp2_common/pico_printf/printf.c.obj
                0x00000000100031b4                vfctprintf
 .text.weak_raw_vprintf
                0x00000000100031d4       0x30 CMakeFiles/blink.dir/apps/pico-sdk/src/rp2_common/pico_printf/printf.c.obj
                0x00000000100031d4                weak_raw_vprintf
 .text          0x0000000010003204       0x10 CMakeFiles/blink.dir/apps/pico-sdk/src/rp2_common/pico_bit_ops/bit_ops_aeabi.S.obj
 .text.rom_func_lookup
                0x0000000010003214       0x10 CMakeFiles/blink.dir/apps/pico-sdk/src/rp2_common/pico_bootrom/bootrom.c.obj
                0x0000000010003214                rom_func_lookup
 .text.rom_data_lookup
                0x0000000010003224       0x10 CMakeFiles/blink.dir/apps/pico-sdk/src/rp2_common/pico_bootrom/bootrom.c.obj
                0x0000000010003224                rom_data_lookup
 .text.rom_funcs_lookup
                0x0000000010003234       0x44 CMakeFiles/blink.dir/apps/pico-sdk/src/rp2_common/pico_bootrom/bootrom.c.obj
                0x0000000010003234                rom_funcs_lookup
 .text.__wrap___aeabi_idiv
                0x0000000010003278       0x50 CMakeFiles/blink.dir/apps/pico-sdk/src/rp2_common/pico_divider/divider.S.obj
                0x0000000010003278                __wrap___aeabi_idivmod
                0x0000000010003278                divmod_s32s32
                0x0000000010003278                div_s32s32
                0x0000000010003278                __wrap___aeabi_idiv
                0x0000000010003280                divmod_s32s32_unsafe
                0x00000000100032ac                divmod_s32s32_savestate
 .text.__wrap___aeabi_uidiv
                0x00000000100032c8       0x4c CMakeFiles/blink.dir/apps/pico-sdk/src/rp2_common/pico_divider/divider.S.obj
                0x00000000100032c8                __wrap___aeabi_uidiv
                0x00000000100032c8                __wrap___aeabi_uidivmod
                0x00000000100032c8                div_u32u32
                0x00000000100032c8                divmod_u32u32
                0x00000000100032d0                divmod_u32u32_unsafe
                0x00000000100032f8                divmod_u32u32_savestate
 .text.__wrap___aeabi_ldiv
                0x0000000010003314      0x424 CMakeFiles/blink.dir/apps/pico-sdk/src/rp2_common/pico_divider/divider.S.obj
                0x0000000010003314                div_s64s64
                0x0000000010003314                divmod_s64s64
                0x0000000010003314                __wrap___aeabi_ldivmod
                0x0000000010003344                div_u64u64
                0x0000000010003344                divmod_u64u64
                0x0000000010003344                __wrap___aeabi_uldivmod
                0x0000000010003354                divmod_u64u64_savestate
                0x0000000010003374                divmod_s64s64_unsafe
                0x00000000100033fc                divmod_u64u64_unsafe
 .text.__wrap___aeabi_darithmetic
                0x0000000010003738       0x80 CMakeFiles/blink.dir/apps/pico-sdk/src/rp2_common/pico_double/double_aeabi.S.obj
                0x0000000010003738                __wrap___aeabi_drsub
                0x000000001000373e                __wrap___aeabi_dsub
                0x0000000010003750                __wrap___aeabi_dadd
                0x0000000010003762                __wrap___aeabi_ddiv
                0x000000001000379e                __wrap___aeabi_dmul
 .text.__wrap___aeabi_cdcmple
                0x00000000100037b8       0x6c CMakeFiles/blink.dir/apps/pico-sdk/src/rp2_common/pico_double/double_aeabi.S.obj
                0x00000000100037b8                __wrap___aeabi_cdrcmple
                0x00000000100037c8                __wrap___aeabi_cdcmple
                0x00000000100037c8                __wrap___aeabi_cdcmpeq
 .text.__wrap___aeabi_dcmplt
                0x0000000010003824        0xc CMakeFiles/blink.dir/apps/pico-sdk/src/rp2_common/pico_double/double_aeabi.S.obj
                0x0000000010003824                __wrap___aeabi_dcmplt
 .text.__wrap___aeabi_dcmple
                0x0000000010003830       0x10 CMakeFiles/blink.dir/apps/pico-sdk/src/rp2_common/pico_double/double_aeabi.S.obj
                0x0000000010003830                __wrap___aeabi_dcmple
 .text.__wrap___aeabi_dcmpge
                0x0000000010003840       0x10 CMakeFiles/blink.dir/apps/pico-sdk/src/rp2_common/pico_double/double_aeabi.S.obj
                0x0000000010003840                __wrap___aeabi_dcmpge
 .text.__wrap___aeabi_dcmpgt
                0x0000000010003850        0xa CMakeFiles/blink.dir/apps/pico-sdk/src/rp2_common/pico_double/double_aeabi.S.obj
                0x0000000010003850                __wrap___aeabi_dcmpgt
 .text.__wrap___aeabi_dcmpun
                0x000000001000385a       0x1c CMakeFiles/blink.dir/apps/pico-sdk/src/rp2_common/pico_double/double_aeabi.S.obj
                0x000000001000385a                __wrap___aeabi_dcmpun
 *fill*         0x0000000010003876        0x2 
 .text.__wrap___aeabi_i2d
                0x0000000010003878       0x38 CMakeFiles/blink.dir/apps/pico-sdk/src/rp2_common/pico_double/double_aeabi.S.obj
                0x0000000010003878                __wrap___aeabi_ui2d
                0x0000000010003880                __wrap___aeabi_i2d
 .text.__wrap___aeabi_d2iz
                0x00000000100038b0       0x48 CMakeFiles/blink.dir/apps/pico-sdk/src/rp2_common/pico_double/double_aeabi.S.obj
                0x00000000100038b0                __wrap___aeabi_d2iz
                0x00000000100038b0                double2int_z
 .text.__wrap___aeabi_d2uiz
                0x00000000100038f8       0x18 CMakeFiles/blink.dir/apps/pico-sdk/src/rp2_common/pico_double/double_aeabi.S.obj
                0x00000000100038f8                double2uint
                0x00000000100038f8                __wrap___aeabi_d2uiz
 .text.__aeabi_double_init
                0x0000000010003910       0x94 CMakeFiles/blink.dir/apps/pico-sdk/src/rp2_common/pico_double/double_init_rom.c.obj
                0x0000000010003910                __aeabi_double_init
 .text.double_table_shim_on_use_helper
                0x00000000100039a4       0x2c CMakeFiles/blink.dir/apps/pico-sdk/src/rp2_common/pico_double/double_v1_rom_shim.S.obj
                0x00000000100039a4                double_table_shim_on_use_helper
 .text.__wrap___aeabi_dsub
                0x00000000100039d0       0x10 CMakeFiles/blink.dir/apps/pico-sdk/src/rp2_common/pico_double/double_v1_rom_shim.S.obj
                0x00000000100039d0                drsub_shim
                0x00000000100039d6                dsub_shim
 .text.dadd_shim
                0x00000000100039e0      0x15c CMakeFiles/blink.dir/apps/pico-sdk/src/rp2_common/pico_double/double_v1_rom_shim.S.obj
                0x00000000100039e0                dadd_shim
 .text.dmul_shim
                0x0000000010003b3c      0x15c CMakeFiles/blink.dir/apps/pico-sdk/src/rp2_common/pico_double/double_v1_rom_shim.S.obj
                0x0000000010003b3c                dmul_shim
 .text.ddiv_shim
                0x0000000010003c98      0x1b0 CMakeFiles/blink.dir/apps/pico-sdk/src/rp2_common/pico_double/double_v1_rom_shim.S.obj
                0x0000000010003c98                ddiv_shim
 .text.double2uint_shim
                0x0000000010003e48        0xe CMakeFiles/blink.dir/apps/pico-sdk/src/rp2_common/pico_double/double_v1_rom_shim.S.obj
                0x0000000010003e48                double2uint_shim
                0x0000000010003e4a                double2ufix_shim
 *fill*         0x0000000010003e56        0x2 
 .text.double2uint64_shim
                0x0000000010003e58       0x70 CMakeFiles/blink.dir/apps/pico-sdk/src/rp2_common/pico_double/double_v1_rom_shim.S.obj
                0x0000000010003e58                double2uint64_shim
                0x0000000010003e5a                double2ufix64_shim
                0x0000000010003e7a                d2fix_a
 .text.dunpacks
                0x0000000010003ec8       0x3c CMakeFiles/blink.dir/apps/pico-sdk/src/rp2_common/pico_double/double_v1_rom_shim.S.obj
                0x0000000010003ec8                dunpacks
 .text.__aeabi_lmul
                0x0000000010003f04       0x32 CMakeFiles/blink.dir/apps/pico-sdk/src/rp2_common/pico_int64_ops/pico_int64_ops_aeabi.S.obj
                0x0000000010003f04                __wrap___aeabi_lmul
 *fill*         0x0000000010003f36        0x2 
 .text.__aeabi_float_init
                0x0000000010003f38       0x64 CMakeFiles/blink.dir/apps/pico-sdk/src/rp2_common/pico_float/float_init_rom.c.obj
                0x0000000010003f38                __aeabi_float_init
 .text.float_table_shim_on_use_helper
                0x0000000010003f9c       0x2c CMakeFiles/blink.dir/apps/pico-sdk/src/rp2_common/pico_float/float_v1_rom_shim.S.obj
                0x0000000010003f9c                float_table_shim_on_use_helper
 .text          0x0000000010003fc8       0x10 CMakeFiles/blink.dir/apps/pico-sdk/src/rp2_common/pico_mem_ops/mem_ops_aeabi.S.obj
                0x0000000010003fc8                __aeabi_mem_init
 .text.memcpy   0x0000000010003fd8        0xc CMakeFiles/blink.dir/apps/pico-sdk/src/rp2_common/pico_mem_ops/mem_ops_aeabi.S.obj
                0x0000000010003fd8                __wrap___aeabi_memcpy
                0x0000000010003fd8                __wrap_memcpy
 .text.stdio_out_chars_no_crlf
                0x0000000010003fe4       0x10 CMakeFiles/blink.dir/apps/pico-sdk/src/rp2_common/pico_stdio/stdio.c.obj
 .text.stdio_out_chars_crlf
                0x0000000010003ff4       0xb4 CMakeFiles/blink.dir/apps/pico-sdk/src/rp2_common/pico_stdio/stdio.c.obj
 .text.stdio_buffered_printer
                0x00000000100040a8       0x64 CMakeFiles/blink.dir/apps/pico-sdk/src/rp2_common/pico_stdio/stdio.c.obj
 .text.stdio_put_string.isra.0
                0x000000001000410c      0x100 CMakeFiles/blink.dir/apps/pico-sdk/src/rp2_common/pico_stdio/stdio.c.obj
 .text.__wrap_putchar
                0x000000001000420c       0x98 CMakeFiles/blink.dir/apps/pico-sdk/src/rp2_common/pico_stdio/stdio.c.obj
                0x000000001000420c                __wrap_putchar
 .text.__wrap_puts
                0x00000000100042a4       0x3c CMakeFiles/blink.dir/apps/pico-sdk/src/rp2_common/pico_stdio/stdio.c.obj
                0x00000000100042a4                __wrap_puts
 .text.stdio_set_driver_enabled
                0x00000000100042e0       0x30 CMakeFiles/blink.dir/apps/pico-sdk/src/rp2_common/pico_stdio/stdio.c.obj
                0x00000000100042e0                stdio_set_driver_enabled
 .text.__wrap_vprintf
                0x0000000010004310       0xd4 CMakeFiles/blink.dir/apps/pico-sdk/src/rp2_common/pico_stdio/stdio.c.obj
                0x0000000010004310                __wrap_vprintf
 .text.__wrap_printf
                0x00000000100043e4       0x18 CMakeFiles/blink.dir/apps/pico-sdk/src/rp2_common/pico_stdio/stdio.c.obj
                0x00000000100043e4                __wrap_printf
 .text.stdio_init_all
                0x00000000100043fc        0xc CMakeFiles/blink.dir/apps/pico-sdk/src/rp2_common/pico_stdio/stdio.c.obj
                0x00000000100043fc                stdio_init_all
 .text.stdio_uart_out_chars
                0x0000000010004408       0x4c CMakeFiles/blink.dir/apps/pico-sdk/src/rp2_common/pico_stdio_uart/stdio_uart.c.obj
 .text.stdio_uart_in_chars
                0x0000000010004454       0x84 CMakeFiles/blink.dir/apps/pico-sdk/src/rp2_common/pico_stdio_uart/stdio_uart.c.obj
                0x0000000010004454                stdio_uart_in_chars
 .text.on_uart_rx
                0x00000000100044d8       0x28 CMakeFiles/blink.dir/apps/pico-sdk/src/rp2_common/pico_stdio_uart/stdio_uart.c.obj
 .text.stdio_uart_set_chars_available_callback
                0x0000000010004500       0x8c CMakeFiles/blink.dir/apps/pico-sdk/src/rp2_common/pico_stdio_uart/stdio_uart.c.obj
 .text.stdio_uart_init
                0x000000001000458c       0x48 CMakeFiles/blink.dir/apps/pico-sdk/src/rp2_common/pico_stdio_uart/stdio_uart.c.obj
                0x000000001000458c                stdio_uart_init
 .text.abort    0x00000000100045d4       0x10 /apps/gcc-arm-none/bin/../lib/gcc/arm-none-eabi/11.3.1/../../../../arm-none-eabi/lib/thumb/v6-m/nofp/libc.a(libc_a-abort.o)
                0x00000000100045d4                abort
 .text.strlen   0x00000000100045e4       0x5c /apps/gcc-arm-none/bin/../lib/gcc/arm-none-eabi/11.3.1/../../../../arm-none-eabi/lib/thumb/v6-m/nofp/libc.a(libc_a-strlen-stub.o)
                0x00000000100045e4                strlen
 .text.raise    0x0000000010004640       0x60 /apps/gcc-arm-none/bin/../lib/gcc/arm-none-eabi/11.3.1/../../../../arm-none-eabi/lib/thumb/v6-m/nofp/libc.a(libc_a-signal.o)
                0x0000000010004640                raise
 .text._kill_r  0x00000000100046a0       0x28 /apps/gcc-arm-none/bin/../lib/gcc/arm-none-eabi/11.3.1/../../../../arm-none-eabi/lib/thumb/v6-m/nofp/libc.a(libc_a-signalr.o)
                0x00000000100046a0                _kill_r
 .text._getpid_r
                0x00000000100046c8        0x8 /apps/gcc-arm-none/bin/../lib/gcc/arm-none-eabi/11.3.1/../../../../arm-none-eabi/lib/thumb/v6-m/nofp/libc.a(libc_a-signalr.o)
                0x00000000100046c8                _getpid_r
 *(.fini)
 .fini          0x00000000100046d0        0x4 /apps/gcc-arm-none/bin/../lib/gcc/arm-none-eabi/11.3.1/thumb/v6-m/nofp/crti.o
                0x00000000100046d0                _fini
 *fill*         0x00000000100046d4        0x4 
 .fini.__stub   0x00000000100046d8       0x40 linker stubs
 *crtbegin.o(.ctors)
 *crtbegin?.o(.ctors)
 *(EXCLUDE_FILE(*crtend.o *crtend?.o) .ctors)
 *(SORT_BY_NAME(.ctors.*))
 *(.ctors)
 *crtbegin.o(.dtors)
 *crtbegin?.o(.dtors)
 *(EXCLUDE_FILE(*crtend.o *crtend?.o) .dtors)
 *(SORT_BY_NAME(.dtors.*))
 *(.dtors)
 *(.eh_frame*)
 .eh_frame      0x0000000010004718        0x0 /apps/gcc-arm-none/bin/../lib/gcc/arm-none-eabi/11.3.1/thumb/v6-m/nofp/crtbegin.o
                0x0000000010004718                . = ALIGN (0x4)

.glue_7         0x0000000010004718        0x0
 .glue_7        0x0000000010004718        0x0 linker stubs

.glue_7t        0x0000000010004718        0x0
 .glue_7t       0x0000000010004718        0x0 linker stubs

.vfp11_veneer   0x0000000010004718        0x0
 .vfp11_veneer  0x0000000010004718        0x0 linker stubs

.v4_bx          0x0000000010004718        0x0
 .v4_bx         0x0000000010004718        0x0 linker stubs

.iplt           0x0000000010004718        0x0
 .iplt          0x0000000010004718        0x0 /apps/gcc-arm-none/bin/../lib/gcc/arm-none-eabi/11.3.1/thumb/v6-m/nofp/crtbegin.o

.rodata         0x0000000010004718      0x344
 *(EXCLUDE_FILE(*libm.a: *libc.a:*lib_a-mem*.o *libgcc.a:) .rodata*)
 .rodata.main.str1.4
                0x0000000010004718       0x47 CMakeFiles/blink.dir/blink.cpp.obj
 *fill*         0x000000001000475f        0x1 
 .rodata.hardware_alarm_claim.str1.4
                0x0000000010004760       0x22 CMakeFiles/blink.dir/apps/pico-sdk/src/rp2_common/hardware_timer/timer.c.obj
 *fill*         0x0000000010004782        0x2 
 .rodata.panic.str1.4
                0x0000000010004784       0x12 CMakeFiles/blink.dir/apps/pico-sdk/src/rp2_common/pico_runtime/runtime.c.obj
 *fill*         0x0000000010004796        0x2 
 .rodata.hard_assertion_failure.str1.4
                0x0000000010004798        0xc CMakeFiles/blink.dir/apps/pico-sdk/src/rp2_common/pico_runtime/runtime.c.obj
 .rodata._ftoa.str1.4
                0x00000000100047a4       0x15 CMakeFiles/blink.dir/apps/pico-sdk/src/rp2_common/pico_printf/printf.c.obj
 *fill*         0x00000000100047b9        0x3 
 .rodata._vsnprintf
                0x00000000100047bc      0x19c CMakeFiles/blink.dir/apps/pico-sdk/src/rp2_common/pico_printf/printf.c.obj
 .rodata.pow10.0
                0x0000000010004958       0x50 CMakeFiles/blink.dir/apps/pico-sdk/src/rp2_common/pico_printf/printf.c.obj
 .rodata.str1.4
                0x00000000100049a8       0x40 CMakeFiles/blink.dir/apps/pico-sdk/src/rp2_common/pico_standard_link/binary_info.c.obj
 .rodata.__bi_44
                0x00000000100049e8        0xc CMakeFiles/blink.dir/apps/pico-sdk/src/rp2_common/pico_standard_link/binary_info.c.obj
 .rodata.__bi_56
                0x00000000100049f4        0xc CMakeFiles/blink.dir/apps/pico-sdk/src/rp2_common/pico_standard_link/binary_info.c.obj
 .rodata.__bi_75
                0x0000000010004a00        0xc CMakeFiles/blink.dir/apps/pico-sdk/src/rp2_common/pico_standard_link/binary_info.c.obj
 .rodata.__bi_81
                0x0000000010004a0c        0xc CMakeFiles/blink.dir/apps/pico-sdk/src/rp2_common/pico_standard_link/binary_info.c.obj
 .rodata.crlf_str.0
                0x0000000010004a18        0x2 CMakeFiles/blink.dir/apps/pico-sdk/src/rp2_common/pico_stdio/stdio.c.obj
 *fill*         0x0000000010004a1a        0x2 
 .rodata.str1.4
                0x0000000010004a1c       0x2c CMakeFiles/blink.dir/apps/pico-sdk/src/rp2_common/pico_stdio_uart/stdio_uart.c.obj
 .rodata.__bi_33.4
                0x0000000010004a48        0xc CMakeFiles/blink.dir/apps/pico-sdk/src/rp2_common/pico_stdio_uart/stdio_uart.c.obj
 .rodata.__bi_34.5
                0x0000000010004a54        0x8 CMakeFiles/blink.dir/apps/pico-sdk/src/rp2_common/pico_stdio_uart/stdio_uart.c.obj
                0x0000000010004a5c                . = ALIGN (0x4)
 *(SORT_BY_ALIGNMENT(SORT_BY_NAME(.flashdata*)))
                0x0000000010004a5c                . = ALIGN (0x4)

.ARM.extab      0x0000000010004a5c       0x30
 *(.ARM.extab* .gnu.linkonce.armextab.*)
 .ARM.extab.text.unwind_phase2_forced
                0x0000000010004a5c        0xc /apps/gcc-arm-none/bin/../lib/gcc/arm-none-eabi/11.3.1/thumb/v6-m/nofp/libgcc.a(unwind-arm.o)
 .ARM.extab.text.__gnu_unwind_pr_common
                0x0000000010004a68        0xc /apps/gcc-arm-none/bin/../lib/gcc/arm-none-eabi/11.3.1/thumb/v6-m/nofp/libgcc.a(unwind-arm.o)
 .ARM.extab.text._Unwind_VRS_Pop
                0x0000000010004a74        0xc /apps/gcc-arm-none/bin/../lib/gcc/arm-none-eabi/11.3.1/thumb/v6-m/nofp/libgcc.a(unwind-arm.o)
 .ARM.extab.text.__gnu_unwind_execute
                0x0000000010004a80        0xc /apps/gcc-arm-none/bin/../lib/gcc/arm-none-eabi/11.3.1/thumb/v6-m/nofp/libgcc.a(pr-support.o)
                0x0000000010004a8c                __exidx_start = .

.ARM.exidx      0x0000000010004a8c       0x98
 *(.ARM.exidx* .gnu.linkonce.armexidx.*)
 .ARM.exidx.text.startup.main
                0x0000000010004a8c       0x10 CMakeFiles/blink.dir/blink.cpp.obj
                                          0x8 (size before relaxing)
 .ARM.exidx.text.selfrel_offset31
                0x0000000010004a9c        0x0 /apps/gcc-arm-none/bin/../lib/gcc/arm-none-eabi/11.3.1/thumb/v6-m/nofp/libgcc.a(unwind-arm.o)
                                          0x8 (size before relaxing)
 .ARM.exidx.text.search_EIT_table
                0x0000000010004a9c        0x0 /apps/gcc-arm-none/bin/../lib/gcc/arm-none-eabi/11.3.1/thumb/v6-m/nofp/libgcc.a(unwind-arm.o)
                                          0x8 (size before relaxing)
 .ARM.exidx.text.__gnu_unwind_get_pr_addr
                0x0000000010004a9c        0x0 /apps/gcc-arm-none/bin/../lib/gcc/arm-none-eabi/11.3.1/thumb/v6-m/nofp/libgcc.a(unwind-arm.o)
                                          0x8 (size before relaxing)
 .ARM.exidx.text.get_eit_entry
                0x0000000010004a9c        0x8 /apps/gcc-arm-none/bin/../lib/gcc/arm-none-eabi/11.3.1/thumb/v6-m/nofp/libgcc.a(unwind-arm.o)
 .ARM.exidx.text.restore_non_core_regs
                0x0000000010004aa4        0x8 /apps/gcc-arm-none/bin/../lib/gcc/arm-none-eabi/11.3.1/thumb/v6-m/nofp/libgcc.a(unwind-arm.o)
 .ARM.exidx.text._Unwind_decode_typeinfo_ptr.constprop.0
                0x0000000010004aac        0x8 /apps/gcc-arm-none/bin/../lib/gcc/arm-none-eabi/11.3.1/thumb/v6-m/nofp/libgcc.a(unwind-arm.o)
 .ARM.exidx.text._Unwind_DebugHook
                0x0000000010004ab4        0x0 /apps/gcc-arm-none/bin/../lib/gcc/arm-none-eabi/11.3.1/thumb/v6-m/nofp/libgcc.a(unwind-arm.o)
                                          0x8 (size before relaxing)
 .ARM.exidx.text.unwind_phase2
                0x0000000010004ab4        0x8 /apps/gcc-arm-none/bin/../lib/gcc/arm-none-eabi/11.3.1/thumb/v6-m/nofp/libgcc.a(unwind-arm.o)
 .ARM.exidx.text.unwind_phase2_forced
                0x0000000010004abc        0x8 /apps/gcc-arm-none/bin/../lib/gcc/arm-none-eabi/11.3.1/thumb/v6-m/nofp/libgcc.a(unwind-arm.o)
 .ARM.exidx.text.__gnu_Unwind_RaiseException
                0x0000000010004ac4        0x8 /apps/gcc-arm-none/bin/../lib/gcc/arm-none-eabi/11.3.1/thumb/v6-m/nofp/libgcc.a(unwind-arm.o)
 .ARM.exidx.text.__gnu_Unwind_ForcedUnwind
                0x0000000010004acc        0x8 /apps/gcc-arm-none/bin/../lib/gcc/arm-none-eabi/11.3.1/thumb/v6-m/nofp/libgcc.a(unwind-arm.o)
 .ARM.exidx.text.__gnu_Unwind_Resume
                0x0000000010004ad4        0x8 /apps/gcc-arm-none/bin/../lib/gcc/arm-none-eabi/11.3.1/thumb/v6-m/nofp/libgcc.a(unwind-arm.o)
 .ARM.exidx.text.__gnu_Unwind_Resume_or_Rethrow
                0x0000000010004adc        0x8 /apps/gcc-arm-none/bin/../lib/gcc/arm-none-eabi/11.3.1/thumb/v6-m/nofp/libgcc.a(unwind-arm.o)
 .ARM.exidx.text._Unwind_VRS_Get
                0x0000000010004ae4        0x8 /apps/gcc-arm-none/bin/../lib/gcc/arm-none-eabi/11.3.1/thumb/v6-m/nofp/libgcc.a(unwind-arm.o)
 .ARM.exidx.text._Unwind_GetGR
                0x0000000010004aec        0x0 /apps/gcc-arm-none/bin/../lib/gcc/arm-none-eabi/11.3.1/thumb/v6-m/nofp/libgcc.a(unwind-arm.o)
                                          0x8 (size before relaxing)
 .ARM.exidx.text._Unwind_VRS_Set
                0x0000000010004aec        0x0 /apps/gcc-arm-none/bin/../lib/gcc/arm-none-eabi/11.3.1/thumb/v6-m/nofp/libgcc.a(unwind-arm.o)
                                          0x8 (size before relaxing)
 .ARM.exidx.text._Unwind_SetGR
                0x0000000010004aec        0x0 /apps/gcc-arm-none/bin/../lib/gcc/arm-none-eabi/11.3.1/thumb/v6-m/nofp/libgcc.a(unwind-arm.o)
                                          0x8 (size before relaxing)
 .ARM.exidx.text.__gnu_Unwind_Backtrace
                0x0000000010004aec        0x8 /apps/gcc-arm-none/bin/../lib/gcc/arm-none-eabi/11.3.1/thumb/v6-m/nofp/libgcc.a(unwind-arm.o)
 .ARM.exidx.text.__gnu_unwind_pr_common
                0x0000000010004af4        0x8 /apps/gcc-arm-none/bin/../lib/gcc/arm-none-eabi/11.3.1/thumb/v6-m/nofp/libgcc.a(unwind-arm.o)
 .ARM.exidx.text.__aeabi_unwind_cpp_pr0
                0x0000000010004afc        0x8 /apps/gcc-arm-none/bin/../lib/gcc/arm-none-eabi/11.3.1/thumb/v6-m/nofp/libgcc.a(unwind-arm.o)
 .ARM.exidx.text.__aeabi_unwind_cpp_pr1
                0x0000000010004b04        0x0 /apps/gcc-arm-none/bin/../lib/gcc/arm-none-eabi/11.3.1/thumb/v6-m/nofp/libgcc.a(unwind-arm.o)
                                          0x8 (size before relaxing)
 .ARM.exidx.text.__aeabi_unwind_cpp_pr2
                0x0000000010004b04        0x0 /apps/gcc-arm-none/bin/../lib/gcc/arm-none-eabi/11.3.1/thumb/v6-m/nofp/libgcc.a(unwind-arm.o)
                                          0x8 (size before relaxing)
 .ARM.exidx.text._Unwind_VRS_Pop
                0x0000000010004b04       0x10 /apps/gcc-arm-none/bin/../lib/gcc/arm-none-eabi/11.3.1/thumb/v6-m/nofp/libgcc.a(unwind-arm.o)
                                          0x8 (size before relaxing)
 .ARM.exidx.text.next_unwind_byte
                0x0000000010004b14        0x0 /apps/gcc-arm-none/bin/../lib/gcc/arm-none-eabi/11.3.1/thumb/v6-m/nofp/libgcc.a(pr-support.o)
                                          0x8 (size before relaxing)
 .ARM.exidx.text.__gnu_unwind_execute
                0x0000000010004b14       0x10 /apps/gcc-arm-none/bin/../lib/gcc/arm-none-eabi/11.3.1/thumb/v6-m/nofp/libgcc.a(pr-support.o)
                                          0x8 (size before relaxing)
                0x0000000010004b24                __exidx_end = .
                0x0000000010004b24                . = ALIGN (0x4)
                0x0000000010004b24                __binary_info_start = .

.binary_info    0x0000000010004b24       0x28
 *(.binary_info.keep.*)
 .binary_info.keep.__bi_ptr22
                0x0000000010004b24        0x4 CMakeFiles/blink.dir/apps/pico-sdk/src/rp2_common/pico_standard_link/binary_info.c.obj
 .binary_info.keep.__bi_ptr30
                0x0000000010004b28        0x4 CMakeFiles/blink.dir/apps/pico-sdk/src/rp2_common/pico_standard_link/binary_info.c.obj
 .binary_info.keep.__bi_ptr38
                0x0000000010004b2c        0x4 CMakeFiles/blink.dir/apps/pico-sdk/src/rp2_common/pico_standard_link/binary_info.c.obj
 .binary_info.keep.__bi_ptr44
                0x0000000010004b30        0x4 CMakeFiles/blink.dir/apps/pico-sdk/src/rp2_common/pico_standard_link/binary_info.c.obj
 .binary_info.keep.__bi_ptr50
                0x0000000010004b34        0x4 CMakeFiles/blink.dir/apps/pico-sdk/src/rp2_common/pico_standard_link/binary_info.c.obj
 .binary_info.keep.__bi_ptr56
                0x0000000010004b38        0x4 CMakeFiles/blink.dir/apps/pico-sdk/src/rp2_common/pico_standard_link/binary_info.c.obj
 .binary_info.keep.__bi_ptr75
                0x0000000010004b3c        0x4 CMakeFiles/blink.dir/apps/pico-sdk/src/rp2_common/pico_standard_link/binary_info.c.obj
 .binary_info.keep.__bi_ptr81
                0x0000000010004b40        0x4 CMakeFiles/blink.dir/apps/pico-sdk/src/rp2_common/pico_standard_link/binary_info.c.obj
 *(.binary_info.*)
 .binary_info.__bi_ptr33
                0x0000000010004b44        0x4 CMakeFiles/blink.dir/apps/pico-sdk/src/rp2_common/pico_stdio_uart/stdio_uart.c.obj
 .binary_info.__bi_ptr34
                0x0000000010004b48        0x4 CMakeFiles/blink.dir/apps/pico-sdk/src/rp2_common/pico_stdio_uart/stdio_uart.c.obj
                0x0000000010004b4c                __binary_info_end = .

.rel.dyn        0x0000000010004b4c        0x0
 .rel.iplt      0x0000000010004b4c        0x0 /apps/gcc-arm-none/bin/../lib/gcc/arm-none-eabi/11.3.1/thumb/v6-m/nofp/crtbegin.o
                0x0000000010004b4c                . = ALIGN (0x4)

.ram_vector_table
                0x0000000020000000       0xc0
 *(.ram_vector_table)
 .ram_vector_table
                0x0000000020000000       0xc0 CMakeFiles/blink.dir/apps/pico-sdk/src/rp2_common/pico_runtime/runtime.c.obj
                0x0000000020000000                ram_vector_table

.data           0x00000000200000c0     0x11a8 load address 0x0000000010004b4c
                0x00000000200000c0                __data_start__ = .
 *(vtable)
 *(.time_critical*)
 .time_critical.mutex_try_enter_block_until
                0x00000000200000c0       0x9c CMakeFiles/blink.dir/apps/pico-sdk/src/common/pico_sync/mutex.c.obj
                0x00000000200000c0                mutex_try_enter_block_until
 .time_critical.mutex_exit
                0x000000002000015c       0x28 CMakeFiles/blink.dir/apps/pico-sdk/src/common/pico_sync/mutex.c.obj
                0x000000002000015c                mutex_exit
 *(.text*)
 .text          0x0000000020000184        0x4 /apps/gcc-arm-none/bin/../lib/gcc/arm-none-eabi/11.3.1/thumb/v6-m/nofp/libgcc.a(_dvmd_tls.o)
                0x0000000020000184                __aeabi_ldiv0
                0x0000000020000184                __aeabi_idiv0
 .text.selfrel_offset31
                0x0000000020000188       0x18 /apps/gcc-arm-none/bin/../lib/gcc/arm-none-eabi/11.3.1/thumb/v6-m/nofp/libgcc.a(unwind-arm.o)
 .text.search_EIT_table
                0x00000000200001a0       0x70 /apps/gcc-arm-none/bin/../lib/gcc/arm-none-eabi/11.3.1/thumb/v6-m/nofp/libgcc.a(unwind-arm.o)
 .text.__gnu_unwind_get_pr_addr
                0x0000000020000210       0x2c /apps/gcc-arm-none/bin/../lib/gcc/arm-none-eabi/11.3.1/thumb/v6-m/nofp/libgcc.a(unwind-arm.o)
 .text.get_eit_entry
                0x000000002000023c       0x94 /apps/gcc-arm-none/bin/../lib/gcc/arm-none-eabi/11.3.1/thumb/v6-m/nofp/libgcc.a(unwind-arm.o)
 .text.restore_non_core_regs
                0x00000000200002d0       0x5c /apps/gcc-arm-none/bin/../lib/gcc/arm-none-eabi/11.3.1/thumb/v6-m/nofp/libgcc.a(unwind-arm.o)
 .text._Unwind_decode_typeinfo_ptr.constprop.0
                0x000000002000032c        0xc /apps/gcc-arm-none/bin/../lib/gcc/arm-none-eabi/11.3.1/thumb/v6-m/nofp/libgcc.a(unwind-arm.o)
 .text._Unwind_DebugHook
                0x0000000020000338        0x4 /apps/gcc-arm-none/bin/../lib/gcc/arm-none-eabi/11.3.1/thumb/v6-m/nofp/libgcc.a(unwind-arm.o)
 .text.unwind_phase2
                0x000000002000033c       0x3c /apps/gcc-arm-none/bin/../lib/gcc/arm-none-eabi/11.3.1/thumb/v6-m/nofp/libgcc.a(unwind-arm.o)
 .text.unwind_phase2_forced
                0x0000000020000378       0xc8 /apps/gcc-arm-none/bin/../lib/gcc/arm-none-eabi/11.3.1/thumb/v6-m/nofp/libgcc.a(unwind-arm.o)
 .text.__gnu_Unwind_RaiseException
                0x0000000020000440       0x50 /apps/gcc-arm-none/bin/../lib/gcc/arm-none-eabi/11.3.1/thumb/v6-m/nofp/libgcc.a(unwind-arm.o)
                0x0000000020000440                __gnu_Unwind_RaiseException
 .text.__gnu_Unwind_ForcedUnwind
                0x0000000020000490       0x14 /apps/gcc-arm-none/bin/../lib/gcc/arm-none-eabi/11.3.1/thumb/v6-m/nofp/libgcc.a(unwind-arm.o)
                0x0000000020000490                __gnu_Unwind_ForcedUnwind
 .text.__gnu_Unwind_Resume
                0x00000000200004a4       0x48 /apps/gcc-arm-none/bin/../lib/gcc/arm-none-eabi/11.3.1/thumb/v6-m/nofp/libgcc.a(unwind-arm.o)
                0x00000000200004a4                __gnu_Unwind_Resume
 .text.__gnu_Unwind_Resume_or_Rethrow
                0x00000000200004ec       0x1c /apps/gcc-arm-none/bin/../lib/gcc/arm-none-eabi/11.3.1/thumb/v6-m/nofp/libgcc.a(unwind-arm.o)
                0x00000000200004ec                __gnu_Unwind_Resume_or_Rethrow
 .text._Unwind_VRS_Get
                0x0000000020000508       0x34 /apps/gcc-arm-none/bin/../lib/gcc/arm-none-eabi/11.3.1/thumb/v6-m/nofp/libgcc.a(unwind-arm.o)
                0x0000000020000508                _Unwind_VRS_Get
 .text._Unwind_GetGR
                0x000000002000053c       0x18 /apps/gcc-arm-none/bin/../lib/gcc/arm-none-eabi/11.3.1/thumb/v6-m/nofp/libgcc.a(unwind-arm.o)
 .text._Unwind_VRS_Set
                0x0000000020000554       0x34 /apps/gcc-arm-none/bin/../lib/gcc/arm-none-eabi/11.3.1/thumb/v6-m/nofp/libgcc.a(unwind-arm.o)
                0x0000000020000554                _Unwind_VRS_Set
 .text._Unwind_SetGR
                0x0000000020000588       0x18 /apps/gcc-arm-none/bin/../lib/gcc/arm-none-eabi/11.3.1/thumb/v6-m/nofp/libgcc.a(unwind-arm.o)
 .text.__gnu_Unwind_Backtrace
                0x00000000200005a0       0x6c /apps/gcc-arm-none/bin/../lib/gcc/arm-none-eabi/11.3.1/thumb/v6-m/nofp/libgcc.a(unwind-arm.o)
                0x00000000200005a0                __gnu_Unwind_Backtrace
 .text.__gnu_unwind_pr_common
                0x000000002000060c      0x2f0 /apps/gcc-arm-none/bin/../lib/gcc/arm-none-eabi/11.3.1/thumb/v6-m/nofp/libgcc.a(unwind-arm.o)
 .text.__aeabi_unwind_cpp_pr0
                0x00000000200008fc        0xc /apps/gcc-arm-none/bin/../lib/gcc/arm-none-eabi/11.3.1/thumb/v6-m/nofp/libgcc.a(unwind-arm.o)
                0x00000000200008fc                __aeabi_unwind_cpp_pr0
 .text.__aeabi_unwind_cpp_pr1
                0x0000000020000908        0xc /apps/gcc-arm-none/bin/../lib/gcc/arm-none-eabi/11.3.1/thumb/v6-m/nofp/libgcc.a(unwind-arm.o)
                0x0000000020000908                __aeabi_unwind_cpp_pr1
 .text.__aeabi_unwind_cpp_pr2
                0x0000000020000914        0xc /apps/gcc-arm-none/bin/../lib/gcc/arm-none-eabi/11.3.1/thumb/v6-m/nofp/libgcc.a(unwind-arm.o)
                0x0000000020000914                __aeabi_unwind_cpp_pr2
 .text._Unwind_VRS_Pop
                0x0000000020000920      0x2b4 /apps/gcc-arm-none/bin/../lib/gcc/arm-none-eabi/11.3.1/thumb/v6-m/nofp/libgcc.a(unwind-arm.o)
                0x0000000020000920                _Unwind_VRS_Pop
 .text          0x0000000020000bd4      0x144 /apps/gcc-arm-none/bin/../lib/gcc/arm-none-eabi/11.3.1/thumb/v6-m/nofp/libgcc.a(libunwind.o)
                0x0000000020000bd4                __restore_core_regs
                0x0000000020000bd4                restore_core_regs
                0x0000000020000c00                __gnu_Unwind_Restore_VFP
                0x0000000020000c04                __gnu_Unwind_Save_VFP
                0x0000000020000c08                __gnu_Unwind_Restore_VFP_D
                0x0000000020000c0c                __gnu_Unwind_Save_VFP_D
                0x0000000020000c10                __gnu_Unwind_Restore_VFP_D_16_to_31
                0x0000000020000c14                __gnu_Unwind_Save_VFP_D_16_to_31
                0x0000000020000c18                __gnu_Unwind_Restore_WMMXD
                0x0000000020000c1c                __gnu_Unwind_Save_WMMXD
                0x0000000020000c20                __gnu_Unwind_Restore_WMMXC
                0x0000000020000c24                __gnu_Unwind_Save_WMMXC
                0x0000000020000c28                ___Unwind_RaiseException
                0x0000000020000c28                _Unwind_RaiseException
                0x0000000020000c58                ___Unwind_Resume
                0x0000000020000c58                _Unwind_Resume
                0x0000000020000c88                _Unwind_Resume_or_Rethrow
                0x0000000020000c88                ___Unwind_Resume_or_Rethrow
                0x0000000020000cb8                ___Unwind_ForcedUnwind
                0x0000000020000cb8                _Unwind_ForcedUnwind
                0x0000000020000ce8                _Unwind_Backtrace
                0x0000000020000ce8                ___Unwind_Backtrace
 .text.next_unwind_byte
                0x0000000020000d18       0x34 /apps/gcc-arm-none/bin/../lib/gcc/arm-none-eabi/11.3.1/thumb/v6-m/nofp/libgcc.a(pr-support.o)
 .text.__gnu_unwind_execute
                0x0000000020000d4c      0x2f0 /apps/gcc-arm-none/bin/../lib/gcc/arm-none-eabi/11.3.1/thumb/v6-m/nofp/libgcc.a(pr-support.o)
                0x0000000020000d4c                __gnu_unwind_execute
 *fill*         0x000000002000103c        0x4 
 .text.__gnu_unwind_execute.__stub
                0x0000000020001040       0x30 linker stubs
                0x0000000020001070                . = ALIGN (0x4)
 *(.rodata*)
                0x0000000020001070                . = ALIGN (0x4)
 *(.data*)
 .data.striped_spin_lock_num
                0x0000000020001070        0x1 CMakeFiles/blink.dir/apps/pico-sdk/src/rp2_common/hardware_sync/sync.c.obj
 *fill*         0x0000000020001071        0x3 
 .data          0x0000000020001074       0x48 CMakeFiles/blink.dir/apps/pico-sdk/src/rp2_common/hardware_irq/irq_handler_chain.S.obj
                0x0000000020001074                irq_handler_chain_slots
                0x00000000200010a4                irq_handler_chain_first_slot
                0x00000000200010ae                irq_handler_chain_remove_tail
 .data.default_alarm_pool
                0x00000000200010bc       0x18 CMakeFiles/blink.dir/apps/pico-sdk/src/common/pico_time/time.c.obj
 .data.default_alarm_pool_heap
                0x00000000200010d4       0x10 CMakeFiles/blink.dir/apps/pico-sdk/src/common/pico_time/time.c.obj
 *fill*         0x00000000200010e4        0xc 
 .data.aeabi_bits_funcs
                0x00000000200010f0       0x10 CMakeFiles/blink.dir/apps/pico-sdk/src/rp2_common/pico_bit_ops/bit_ops_aeabi.S.obj
                0x00000000200010f0                aeabi_bits_funcs
                0x0000000020001100                aeabi_bits_funcs_end
 .data.aeabi_mem_funcs
                0x0000000020001100       0x10 CMakeFiles/blink.dir/apps/pico-sdk/src/rp2_common/pico_mem_ops/mem_ops_aeabi.S.obj
                0x0000000020001100                aeabi_mem_funcs
                0x0000000020001110                aeabi_mem_funcs_end
 .data.stdio_uart
                0x0000000020001110       0x18 CMakeFiles/blink.dir/apps/pico-sdk/src/rp2_common/pico_stdio_uart/stdio_uart.c.obj
                0x0000000020001110                stdio_uart
 .data._impure_data
                0x0000000020001128      0x120 /apps/gcc-arm-none/bin/../lib/gcc/arm-none-eabi/11.3.1/../../../../arm-none-eabi/lib/thumb/v6-m/nofp/libc.a(libc_a-impure.o)
                0x0000000020001128                _impure_data
 .data._impure_ptr
                0x0000000020001248        0x4 /apps/gcc-arm-none/bin/../lib/gcc/arm-none-eabi/11.3.1/../../../../arm-none-eabi/lib/thumb/v6-m/nofp/libc.a(libc_a-impure.o)
                0x0000000020001248                _impure_ptr
                0x000000002000124c                . = ALIGN (0x4)
 *(.after_data.*)
                0x000000002000124c                . = ALIGN (0x4)
                0x000000002000124c                PROVIDE (__mutex_array_start = .)
 *(SORT_BY_NAME(.mutex_array.*))
 *(.mutex_array)
 .mutex_array   0x000000002000124c        0x8 CMakeFiles/blink.dir/apps/pico-sdk/src/rp2_common/pico_stdio/stdio.c.obj
                0x0000000020001254                PROVIDE (__mutex_array_end = .)
                0x0000000020001254                . = ALIGN (0x4)
                0x0000000020001254                PROVIDE (__preinit_array_start = .)
 *(SORT_BY_NAME(.preinit_array.*))
 .preinit_array.00001
                0x0000000020001254        0x4 CMakeFiles/blink.dir/apps/pico-sdk/src/rp2_common/pico_mem_ops/mem_ops_aeabi.S.obj
 .preinit_array.00010
                0x0000000020001258        0x4 CMakeFiles/blink.dir/apps/pico-sdk/src/rp2_common/pico_bit_ops/bit_ops_aeabi.S.obj
 .preinit_array.00020
                0x000000002000125c        0x4 CMakeFiles/blink.dir/apps/pico-sdk/src/rp2_common/pico_double/double_aeabi.S.obj
 .preinit_array.00020
                0x0000000020001260        0x4 CMakeFiles/blink.dir/apps/pico-sdk/src/rp2_common/pico_float/float_aeabi.S.obj
 *(.preinit_array)
                0x0000000020001264                PROVIDE (__preinit_array_end = .)
                0x0000000020001264                . = ALIGN (0x4)
                0x0000000020001264                PROVIDE (__init_array_start = .)
 *(SORT_BY_NAME(.init_array.*))
 *(.init_array)
 .init_array    0x0000000020001264        0x4 /apps/gcc-arm-none/bin/../lib/gcc/arm-none-eabi/11.3.1/thumb/v6-m/nofp/crtbegin.o
                0x0000000020001268                PROVIDE (__init_array_end = .)
                0x0000000020001268                . = ALIGN (0x4)
                [!provide]                        PROVIDE (__fini_array_start = .)
 *(SORT_BY_NAME(.fini_array.*))
 *(.fini_array)
                [!provide]                        PROVIDE (__fini_array_end = .)
 *(.jcr)
                0x0000000020001268                . = ALIGN (0x4)
                0x0000000020001268                __data_end__ = .
                0x0000000010004b4c                __etext = LOADADDR (.data)

.tm_clone_table
                0x0000000020001268        0x0 load address 0x0000000010005cf4
 .tm_clone_table
                0x0000000020001268        0x0 /apps/gcc-arm-none/bin/../lib/gcc/arm-none-eabi/11.3.1/thumb/v6-m/nofp/crtbegin.o
 .tm_clone_table
                0x0000000020001268        0x0 /apps/gcc-arm-none/bin/../lib/gcc/arm-none-eabi/11.3.1/thumb/v6-m/nofp/crtend.o

.igot.plt       0x0000000020001268        0x0 load address 0x0000000010005cf4
 .igot.plt      0x0000000020001268        0x0 /apps/gcc-arm-none/bin/../lib/gcc/arm-none-eabi/11.3.1/thumb/v6-m/nofp/crtbegin.o

.uninitialized_data
                0x0000000020001268        0x0 load address 0x0000000010005cf4
                0x0000000020001268                . = ALIGN (0x4)
 *(.uninitialized_data*)

.scratch_x      0x0000000020040000        0x0 load address 0x0000000010005cf4
                0x0000000020040000                __scratch_x_start__ = .
 *(.scratch_x.*)
                0x0000000020040000                . = ALIGN (0x4)
                0x0000000020040000                __scratch_x_end__ = .
                0x0000000010005cf4                __scratch_x_source__ = LOADADDR (.scratch_x)

.scratch_y      0x0000000020041000        0x0 load address 0x0000000010005cf4
                0x0000000020041000                __scratch_y_start__ = .
 *(.scratch_y.*)
                0x0000000020041000                . = ALIGN (0x4)
                0x0000000020041000                __scratch_y_end__ = .
                0x0000000010005cf4                __scratch_y_source__ = LOADADDR (.scratch_y)

.bss            0x0000000020001268      0x514
                0x0000000020001268                . = ALIGN (0x4)
                0x0000000020001268                __bss_start__ = .
 *(SORT_BY_ALIGNMENT(SORT_BY_NAME(.bss*)))
 .bss.default_alarm_pool_entries
                0x0000000020001268      0x100 CMakeFiles/blink.dir/apps/pico-sdk/src/common/pico_time/time.c.obj
 .bss.sd_table  0x0000000020001368      0x100 CMakeFiles/blink.dir/apps/pico-sdk/src/rp2_common/pico_double/double_init_rom.c.obj
                0x0000000020001368                sd_table
 .bss.sf_table  0x0000000020001468      0x100 CMakeFiles/blink.dir/apps/pico-sdk/src/rp2_common/pico_float/float_init_rom.c.obj
                0x0000000020001468                sf_table
 .bss.__sf      0x0000000020001568      0x138 /apps/gcc-arm-none/bin/../lib/gcc/arm-none-eabi/11.3.1/../../../../arm-none-eabi/lib/thumb/v6-m/nofp/libc.a(libc_a-findfp.o)
                0x0000000020001568                __sf
 .bss.alarm_callbacks
                0x00000000200016a0       0x10 CMakeFiles/blink.dir/apps/pico-sdk/src/rp2_common/hardware_timer/timer.c.obj
 .bss.chars_available_callback
                0x00000000200016b0        0x4 CMakeFiles/blink.dir/apps/pico-sdk/src/rp2_common/pico_stdio_uart/stdio_uart.c.obj
 .bss.chars_available_param
                0x00000000200016b4        0x4 CMakeFiles/blink.dir/apps/pico-sdk/src/rp2_common/pico_stdio_uart/stdio_uart.c.obj
 .bss.configured_freq
                0x00000000200016b8       0x28 CMakeFiles/blink.dir/apps/pico-sdk/src/rp2_common/hardware_clocks/clocks.c.obj
 .bss.default_alarm_pool_entry_ids_high
                0x00000000200016e0       0x10 CMakeFiles/blink.dir/apps/pico-sdk/src/common/pico_time/time.c.obj
 .bss.default_alarm_pool_heap_nodes
                0x00000000200016f0       0x30 CMakeFiles/blink.dir/apps/pico-sdk/src/common/pico_time/time.c.obj
 .bss.drivers   0x0000000020001720        0x4 CMakeFiles/blink.dir/apps/pico-sdk/src/rp2_common/pico_stdio/stdio.c.obj
 .bss.errno     0x0000000020001724        0x4 /apps/gcc-arm-none/bin/../lib/gcc/arm-none-eabi/11.3.1/../../../../arm-none-eabi/lib/thumb/v6-m/nofp/libc.a(libc_a-reent.o)
                0x0000000020001724                errno
 .bss.filter    0x0000000020001728        0x4 CMakeFiles/blink.dir/apps/pico-sdk/src/rp2_common/pico_stdio/stdio.c.obj
 .bss.lazy_vsnprintf
                0x000000002000172c        0x4 CMakeFiles/blink.dir/apps/pico-sdk/src/rp2_common/pico_printf/printf.c.obj
 .bss.object.0  0x0000000020001730       0x18 /apps/gcc-arm-none/bin/../lib/gcc/arm-none-eabi/11.3.1/thumb/v6-m/nofp/crtbegin.o
 .bss.pools     0x0000000020001748       0x10 CMakeFiles/blink.dir/apps/pico-sdk/src/common/pico_time/time.c.obj
 .bss.sf_clz_func
                0x0000000020001758        0x4 CMakeFiles/blink.dir/apps/pico-sdk/src/rp2_common/pico_double/double_init_rom.c.obj
                0x0000000020001758                sf_clz_func
 .bss.sleep_notifier
                0x000000002000175c        0x4 CMakeFiles/blink.dir/apps/pico-sdk/src/common/pico_time/time.c.obj
 .bss.target_hi
                0x0000000020001760       0x10 CMakeFiles/blink.dir/apps/pico-sdk/src/rp2_common/hardware_timer/timer.c.obj
 .bss.uart_char_to_line_feed
                0x0000000020001770        0x4 CMakeFiles/blink.dir/apps/pico-sdk/src/rp2_common/hardware_uart/uart.c.obj
                0x0000000020001770                uart_char_to_line_feed
 .bss.uart_instance
                0x0000000020001774        0x4 CMakeFiles/blink.dir/apps/pico-sdk/src/rp2_common/pico_stdio_uart/stdio_uart.c.obj
 .bss.claimed   0x0000000020001778        0x1 CMakeFiles/blink.dir/apps/pico-sdk/src/rp2_common/hardware_timer/timer.c.obj
 .bss.irq_hander_chain_free_slot_head
                0x0000000020001779        0x1 CMakeFiles/blink.dir/apps/pico-sdk/src/rp2_common/hardware_irq/irq.c.obj
 .bss.timer_callbacks_pending
                0x000000002000177a        0x1 CMakeFiles/blink.dir/apps/pico-sdk/src/rp2_common/hardware_timer/timer.c.obj
 *(COMMON)
                0x000000002000177c                . = ALIGN (0x4)
 *fill*         0x000000002000177b        0x1 
                0x000000002000177c                __bss_end__ = .

.heap           0x000000002000177c      0x800
                0x000000002000177c                __end__ = .
                0x000000002000177c                end = __end__
 *(.heap*)
 .heap          0x000000002000177c      0x800 CMakeFiles/blink.dir/apps/pico-sdk/src/rp2_common/pico_standard_link/crt0.S.obj
                0x0000000020001f7c                __HeapLimit = .

.stack1_dummy   0x0000000020040000        0x0
 *(.stack1*)

.stack_dummy    0x0000000020041000      0x800
 *(.stack*)
 .stack         0x0000000020041000      0x800 CMakeFiles/blink.dir/apps/pico-sdk/src/rp2_common/pico_standard_link/crt0.S.obj

.flash_end      0x0000000010005cf4        0x0
                0x0000000010005cf4                PROVIDE (__flash_binary_end = .)
                0x0000000020040000                __StackLimit = (ORIGIN (RAM) + LENGTH (RAM))
                0x0000000020041000                __StackOneTop = (ORIGIN (SCRATCH_X) + LENGTH (SCRATCH_X))
                0x0000000020042000                __StackTop = (ORIGIN (SCRATCH_Y) + LENGTH (SCRATCH_Y))
                0x0000000020041000                __StackOneBottom = (__StackOneTop - SIZEOF (.stack1_dummy))
                0x0000000020041800                __StackBottom = (__StackTop - SIZEOF (.stack_dummy))
                0x0000000020042000                PROVIDE (__stack = __StackTop)
                0x0000000000000001                ASSERT ((__StackLimit >= __HeapLimit), region RAM overflowed)
                0x0000000000000001                ASSERT (((__binary_info_header_end - __logical_binary_start) <= 0x100), Binary info must be in first 256 bytes of the binary)
LOAD CMakeFiles/blink.dir/blink.cpp.obj
LOAD CMakeFiles/blink.dir/apps/pico-sdk/src/rp2_common/pico_stdlib/stdlib.c.obj
LOAD CMakeFiles/blink.dir/apps/pico-sdk/src/rp2_common/hardware_gpio/gpio.c.obj
LOAD CMakeFiles/blink.dir/apps/pico-sdk/src/rp2_common/pico_platform/platform.c.obj
LOAD CMakeFiles/blink.dir/apps/pico-sdk/src/rp2_common/hardware_claim/claim.c.obj
LOAD CMakeFiles/blink.dir/apps/pico-sdk/src/rp2_common/hardware_sync/sync.c.obj
LOAD CMakeFiles/blink.dir/apps/pico-sdk/src/rp2_common/hardware_irq/irq.c.obj
LOAD CMakeFiles/blink.dir/apps/pico-sdk/src/rp2_common/hardware_irq/irq_handler_chain.S.obj
LOAD CMakeFiles/blink.dir/apps/pico-sdk/src/common/pico_sync/sem.c.obj
LOAD CMakeFiles/blink.dir/apps/pico-sdk/src/common/pico_sync/lock_core.c.obj
LOAD CMakeFiles/blink.dir/apps/pico-sdk/src/common/pico_sync/mutex.c.obj
LOAD CMakeFiles/blink.dir/apps/pico-sdk/src/common/pico_sync/critical_section.c.obj
LOAD CMakeFiles/blink.dir/apps/pico-sdk/src/common/pico_time/time.c.obj
LOAD CMakeFiles/blink.dir/apps/pico-sdk/src/common/pico_time/timeout_helper.c.obj
LOAD CMakeFiles/blink.dir/apps/pico-sdk/src/rp2_common/hardware_timer/timer.c.obj
LOAD CMakeFiles/blink.dir/apps/pico-sdk/src/common/pico_util/datetime.c.obj
LOAD CMakeFiles/blink.dir/apps/pico-sdk/src/common/pico_util/pheap.c.obj
LOAD CMakeFiles/blink.dir/apps/pico-sdk/src/common/pico_util/queue.c.obj
LOAD CMakeFiles/blink.dir/apps/pico-sdk/src/rp2_common/hardware_uart/uart.c.obj
LOAD CMakeFiles/blink.dir/apps/pico-sdk/src/rp2_common/hardware_clocks/clocks.c.obj
LOAD CMakeFiles/blink.dir/apps/pico-sdk/src/rp2_common/hardware_pll/pll.c.obj
LOAD CMakeFiles/blink.dir/apps/pico-sdk/src/rp2_common/hardware_vreg/vreg.c.obj
LOAD CMakeFiles/blink.dir/apps/pico-sdk/src/rp2_common/hardware_watchdog/watchdog.c.obj
LOAD CMakeFiles/blink.dir/apps/pico-sdk/src/rp2_common/hardware_xosc/xosc.c.obj
LOAD CMakeFiles/blink.dir/apps/pico-sdk/src/rp2_common/hardware_divider/divider.S.obj
LOAD CMakeFiles/blink.dir/apps/pico-sdk/src/rp2_common/pico_runtime/runtime.c.obj
LOAD CMakeFiles/blink.dir/apps/pico-sdk/src/rp2_common/pico_printf/printf.c.obj
LOAD CMakeFiles/blink.dir/apps/pico-sdk/src/rp2_common/pico_bit_ops/bit_ops_aeabi.S.obj
LOAD CMakeFiles/blink.dir/apps/pico-sdk/src/rp2_common/pico_bootrom/bootrom.c.obj
LOAD CMakeFiles/blink.dir/apps/pico-sdk/src/rp2_common/pico_divider/divider.S.obj
LOAD CMakeFiles/blink.dir/apps/pico-sdk/src/rp2_common/pico_double/double_aeabi.S.obj
LOAD CMakeFiles/blink.dir/apps/pico-sdk/src/rp2_common/pico_double/double_init_rom.c.obj
LOAD CMakeFiles/blink.dir/apps/pico-sdk/src/rp2_common/pico_double/double_math.c.obj
LOAD CMakeFiles/blink.dir/apps/pico-sdk/src/rp2_common/pico_double/double_v1_rom_shim.S.obj
LOAD CMakeFiles/blink.dir/apps/pico-sdk/src/rp2_common/pico_int64_ops/pico_int64_ops_aeabi.S.obj
LOAD CMakeFiles/blink.dir/apps/pico-sdk/src/rp2_common/pico_float/float_aeabi.S.obj
LOAD CMakeFiles/blink.dir/apps/pico-sdk/src/rp2_common/pico_float/float_init_rom.c.obj
LOAD CMakeFiles/blink.dir/apps/pico-sdk/src/rp2_common/pico_float/float_math.c.obj
LOAD CMakeFiles/blink.dir/apps/pico-sdk/src/rp2_common/pico_float/float_v1_rom_shim.S.obj
LOAD CMakeFiles/blink.dir/apps/pico-sdk/src/rp2_common/pico_malloc/pico_malloc.c.obj
LOAD CMakeFiles/blink.dir/apps/pico-sdk/src/rp2_common/pico_mem_ops/mem_ops_aeabi.S.obj
LOAD CMakeFiles/blink.dir/apps/pico-sdk/src/rp2_common/pico_standard_link/crt0.S.obj
LOAD CMakeFiles/blink.dir/apps/pico-sdk/src/rp2_common/pico_standard_link/new_delete.cpp.obj
LOAD CMakeFiles/blink.dir/apps/pico-sdk/src/rp2_common/pico_standard_link/binary_info.c.obj
LOAD CMakeFiles/blink.dir/apps/pico-sdk/src/rp2_common/pico_stdio/stdio.c.obj
LOAD CMakeFiles/blink.dir/apps/pico-sdk/src/rp2_common/pico_stdio_uart/stdio_uart.c.obj
LOAD /tmp/ccWXpCGL.o
LOAD /apps/gcc-arm-none/bin/../lib/gcc/arm-none-eabi/11.3.1/../../../../arm-none-eabi/lib/thumb/v6-m/nofp/libstdc++.a
LOAD /apps/gcc-arm-none/bin/../lib/gcc/arm-none-eabi/11.3.1/../../../../arm-none-eabi/lib/thumb/v6-m/nofp/libm.a
START GROUP
LOAD /apps/gcc-arm-none/bin/../lib/gcc/arm-none-eabi/11.3.1/thumb/v6-m/nofp/libgcc.a
LOAD /apps/gcc-arm-none/bin/../lib/gcc/arm-none-eabi/11.3.1/../../../../arm-none-eabi/lib/thumb/v6-m/nofp/libc.a
END GROUP
START GROUP
LOAD /apps/gcc-arm-none/bin/../lib/gcc/arm-none-eabi/11.3.1/thumb/v6-m/nofp/libgcc.a
LOAD /apps/gcc-arm-none/bin/../lib/gcc/arm-none-eabi/11.3.1/../../../../arm-none-eabi/lib/thumb/v6-m/nofp/libc.a
LOAD /apps/gcc-arm-none/bin/../lib/gcc/arm-none-eabi/11.3.1/../../../../arm-none-eabi/lib/thumb/v6-m/nofp/libnosys.a
END GROUP
LOAD /apps/gcc-arm-none/bin/../lib/gcc/arm-none-eabi/11.3.1/thumb/v6-m/nofp/crtend.o
LOAD /apps/gcc-arm-none/bin/../lib/gcc/arm-none-eabi/11.3.1/thumb/v6-m/nofp/crtn.o
OUTPUT(blink.elf elf32-littlearm)
LOAD linker stubs

.ARM.attributes
                0x0000000000000000       0x28
 .ARM.attributes
                0x0000000000000000       0x1e /apps/gcc-arm-none/bin/../lib/gcc/arm-none-eabi/11.3.1/thumb/v6-m/nofp/crti.o
 .ARM.attributes
                0x000000000000001e       0x2c /apps/gcc-arm-none/bin/../lib/gcc/arm-none-eabi/11.3.1/thumb/v6-m/nofp/crtbegin.o
 .ARM.attributes
                0x000000000000004a       0x2c CMakeFiles/blink.dir/blink.cpp.obj
 .ARM.attributes
                0x0000000000000076       0x2c CMakeFiles/blink.dir/apps/pico-sdk/src/rp2_common/hardware_gpio/gpio.c.obj
 .ARM.attributes
                0x00000000000000a2       0x2c CMakeFiles/blink.dir/apps/pico-sdk/src/rp2_common/pico_platform/platform.c.obj
 .ARM.attributes
                0x00000000000000ce       0x2c CMakeFiles/blink.dir/apps/pico-sdk/src/rp2_common/hardware_claim/claim.c.obj
 .ARM.attributes
                0x00000000000000fa       0x2c CMakeFiles/blink.dir/apps/pico-sdk/src/rp2_common/hardware_sync/sync.c.obj
 .ARM.attributes
                0x0000000000000126       0x2c CMakeFiles/blink.dir/apps/pico-sdk/src/rp2_common/hardware_irq/irq.c.obj
 .ARM.attributes
                0x0000000000000152       0x22 CMakeFiles/blink.dir/apps/pico-sdk/src/rp2_common/hardware_irq/irq_handler_chain.S.obj
 .ARM.attributes
                0x0000000000000174       0x2c CMakeFiles/blink.dir/apps/pico-sdk/src/common/pico_sync/lock_core.c.obj
 .ARM.attributes
                0x00000000000001a0       0x2c CMakeFiles/blink.dir/apps/pico-sdk/src/common/pico_sync/mutex.c.obj
 .ARM.attributes
                0x00000000000001cc       0x2c CMakeFiles/blink.dir/apps/pico-sdk/src/common/pico_time/time.c.obj
 .ARM.attributes
                0x00000000000001f8       0x2c CMakeFiles/blink.dir/apps/pico-sdk/src/rp2_common/hardware_timer/timer.c.obj
 .ARM.attributes
                0x0000000000000224       0x2c CMakeFiles/blink.dir/apps/pico-sdk/src/common/pico_util/pheap.c.obj
 .ARM.attributes
                0x0000000000000250       0x2c CMakeFiles/blink.dir/apps/pico-sdk/src/rp2_common/hardware_uart/uart.c.obj
 .ARM.attributes
                0x000000000000027c       0x2c CMakeFiles/blink.dir/apps/pico-sdk/src/rp2_common/hardware_clocks/clocks.c.obj
 .ARM.attributes
                0x00000000000002a8       0x2c CMakeFiles/blink.dir/apps/pico-sdk/src/rp2_common/hardware_pll/pll.c.obj
 .ARM.attributes
                0x00000000000002d4       0x2c CMakeFiles/blink.dir/apps/pico-sdk/src/rp2_common/hardware_watchdog/watchdog.c.obj
 .ARM.attributes
                0x0000000000000300       0x2c CMakeFiles/blink.dir/apps/pico-sdk/src/rp2_common/hardware_xosc/xosc.c.obj
 .ARM.attributes
                0x000000000000032c       0x2c CMakeFiles/blink.dir/apps/pico-sdk/src/rp2_common/pico_runtime/runtime.c.obj
 .ARM.attributes
                0x0000000000000358       0x2c CMakeFiles/blink.dir/apps/pico-sdk/src/rp2_common/pico_printf/printf.c.obj
 .ARM.attributes
                0x0000000000000384       0x22 CMakeFiles/blink.dir/apps/pico-sdk/src/rp2_common/pico_bit_ops/bit_ops_aeabi.S.obj
 .ARM.attributes
                0x00000000000003a6       0x2c CMakeFiles/blink.dir/apps/pico-sdk/src/rp2_common/pico_bootrom/bootrom.c.obj
 .ARM.attributes
                0x00000000000003d2       0x22 CMakeFiles/blink.dir/apps/pico-sdk/src/rp2_common/pico_divider/divider.S.obj
 .ARM.attributes
                0x00000000000003f4       0x22 CMakeFiles/blink.dir/apps/pico-sdk/src/rp2_common/pico_double/double_aeabi.S.obj
 .ARM.attributes
                0x0000000000000416       0x2c CMakeFiles/blink.dir/apps/pico-sdk/src/rp2_common/pico_double/double_init_rom.c.obj
 .ARM.attributes
                0x0000000000000442       0x22 CMakeFiles/blink.dir/apps/pico-sdk/src/rp2_common/pico_double/double_v1_rom_shim.S.obj
 .ARM.attributes
                0x0000000000000464       0x22 CMakeFiles/blink.dir/apps/pico-sdk/src/rp2_common/pico_int64_ops/pico_int64_ops_aeabi.S.obj
 .ARM.attributes
                0x0000000000000486       0x22 CMakeFiles/blink.dir/apps/pico-sdk/src/rp2_common/pico_float/float_aeabi.S.obj
 .ARM.attributes
                0x00000000000004a8       0x2c CMakeFiles/blink.dir/apps/pico-sdk/src/rp2_common/pico_float/float_init_rom.c.obj
 .ARM.attributes
                0x00000000000004d4       0x22 CMakeFiles/blink.dir/apps/pico-sdk/src/rp2_common/pico_float/float_v1_rom_shim.S.obj
 .ARM.attributes
                0x00000000000004f6       0x22 CMakeFiles/blink.dir/apps/pico-sdk/src/rp2_common/pico_mem_ops/mem_ops_aeabi.S.obj
 .ARM.attributes
                0x0000000000000518       0x22 CMakeFiles/blink.dir/apps/pico-sdk/src/rp2_common/pico_standard_link/crt0.S.obj
 .ARM.attributes
                0x000000000000053a       0x2c CMakeFiles/blink.dir/apps/pico-sdk/src/rp2_common/pico_standard_link/binary_info.c.obj
 .ARM.attributes
                0x0000000000000566       0x2c CMakeFiles/blink.dir/apps/pico-sdk/src/rp2_common/pico_stdio/stdio.c.obj
 .ARM.attributes
                0x0000000000000592       0x2c CMakeFiles/blink.dir/apps/pico-sdk/src/rp2_common/pico_stdio_uart/stdio_uart.c.obj
 .ARM.attributes
                0x00000000000005be       0x22 /tmp/ccWXpCGL.o
 .ARM.attributes
                0x00000000000005e0       0x1e /apps/gcc-arm-none/bin/../lib/gcc/arm-none-eabi/11.3.1/thumb/v6-m/nofp/libgcc.a(_dvmd_tls.o)
 .ARM.attributes
                0x00000000000005fe       0x2c /apps/gcc-arm-none/bin/../lib/gcc/arm-none-eabi/11.3.1/thumb/v6-m/nofp/libgcc.a(unwind-arm.o)
 .ARM.attributes
                0x000000000000062a       0x1e /apps/gcc-arm-none/bin/../lib/gcc/arm-none-eabi/11.3.1/thumb/v6-m/nofp/libgcc.a(libunwind.o)
 .ARM.attributes
                0x0000000000000648       0x2c /apps/gcc-arm-none/bin/../lib/gcc/arm-none-eabi/11.3.1/thumb/v6-m/nofp/libgcc.a(pr-support.o)
 .ARM.attributes
                0x0000000000000674       0x2c /apps/gcc-arm-none/bin/../lib/gcc/arm-none-eabi/11.3.1/../../../../arm-none-eabi/lib/thumb/v6-m/nofp/libc.a(libc_a-abort.o)
 .ARM.attributes
                0x00000000000006a0       0x2c /apps/gcc-arm-none/bin/../lib/gcc/arm-none-eabi/11.3.1/../../../../arm-none-eabi/lib/thumb/v6-m/nofp/libc.a(libc_a-impure.o)
 .ARM.attributes
                0x00000000000006cc       0x2c /apps/gcc-arm-none/bin/../lib/gcc/arm-none-eabi/11.3.1/../../../../arm-none-eabi/lib/thumb/v6-m/nofp/libc.a(libc_a-findfp.o)
 .ARM.attributes
                0x00000000000006f8       0x2c /apps/gcc-arm-none/bin/../lib/gcc/arm-none-eabi/11.3.1/../../../../arm-none-eabi/lib/thumb/v6-m/nofp/libc.a(libc_a-strlen-stub.o)
 .ARM.attributes
                0x0000000000000724       0x2c /apps/gcc-arm-none/bin/../lib/gcc/arm-none-eabi/11.3.1/../../../../arm-none-eabi/lib/thumb/v6-m/nofp/libc.a(libc_a-signal.o)
 .ARM.attributes
                0x0000000000000750       0x2c /apps/gcc-arm-none/bin/../lib/gcc/arm-none-eabi/11.3.1/../../../../arm-none-eabi/lib/thumb/v6-m/nofp/libc.a(libc_a-signalr.o)
 .ARM.attributes
                0x000000000000077c       0x2c /apps/gcc-arm-none/bin/../lib/gcc/arm-none-eabi/11.3.1/../../../../arm-none-eabi/lib/thumb/v6-m/nofp/libc.a(libc_a-reent.o)
 .ARM.attributes
                0x00000000000007a8       0x2c /apps/gcc-arm-none/bin/../lib/gcc/arm-none-eabi/11.3.1/thumb/v6-m/nofp/crtend.o

.comment        0x0000000000000000       0x33
 .comment       0x0000000000000000       0x33 /apps/gcc-arm-none/bin/../lib/gcc/arm-none-eabi/11.3.1/thumb/v6-m/nofp/crtbegin.o
                                         0x34 (size before relaxing)
 .comment       0x0000000000000033       0x34 CMakeFiles/blink.dir/blink.cpp.obj
 .comment       0x0000000000000033       0x34 CMakeFiles/blink.dir/apps/pico-sdk/src/rp2_common/hardware_gpio/gpio.c.obj
 .comment       0x0000000000000033       0x34 CMakeFiles/blink.dir/apps/pico-sdk/src/rp2_common/pico_platform/platform.c.obj
 .comment       0x0000000000000033       0x34 CMakeFiles/blink.dir/apps/pico-sdk/src/rp2_common/hardware_claim/claim.c.obj
 .comment       0x0000000000000033       0x34 CMakeFiles/blink.dir/apps/pico-sdk/src/rp2_common/hardware_sync/sync.c.obj
 .comment       0x0000000000000033       0x34 CMakeFiles/blink.dir/apps/pico-sdk/src/rp2_common/hardware_irq/irq.c.obj
 .comment       0x0000000000000033       0x34 CMakeFiles/blink.dir/apps/pico-sdk/src/common/pico_sync/lock_core.c.obj
 .comment       0x0000000000000033       0x34 CMakeFiles/blink.dir/apps/pico-sdk/src/common/pico_sync/mutex.c.obj
 .comment       0x0000000000000033       0x34 CMakeFiles/blink.dir/apps/pico-sdk/src/common/pico_time/time.c.obj
 .comment       0x0000000000000033       0x34 CMakeFiles/blink.dir/apps/pico-sdk/src/rp2_common/hardware_timer/timer.c.obj
 .comment       0x0000000000000033       0x34 CMakeFiles/blink.dir/apps/pico-sdk/src/common/pico_util/pheap.c.obj
 .comment       0x0000000000000033       0x34 CMakeFiles/blink.dir/apps/pico-sdk/src/rp2_common/hardware_uart/uart.c.obj
 .comment       0x0000000000000033       0x34 CMakeFiles/blink.dir/apps/pico-sdk/src/rp2_common/hardware_clocks/clocks.c.obj
 .comment       0x0000000000000033       0x34 CMakeFiles/blink.dir/apps/pico-sdk/src/rp2_common/hardware_pll/pll.c.obj
 .comment       0x0000000000000033       0x34 CMakeFiles/blink.dir/apps/pico-sdk/src/rp2_common/hardware_watchdog/watchdog.c.obj
 .comment       0x0000000000000033       0x34 CMakeFiles/blink.dir/apps/pico-sdk/src/rp2_common/hardware_xosc/xosc.c.obj
 .comment       0x0000000000000033       0x34 CMakeFiles/blink.dir/apps/pico-sdk/src/rp2_common/pico_runtime/runtime.c.obj
 .comment       0x0000000000000033       0x34 CMakeFiles/blink.dir/apps/pico-sdk/src/rp2_common/pico_printf/printf.c.obj
 .comment       0x0000000000000033       0x34 CMakeFiles/blink.dir/apps/pico-sdk/src/rp2_common/pico_bootrom/bootrom.c.obj
 .comment       0x0000000000000033       0x34 CMakeFiles/blink.dir/apps/pico-sdk/src/rp2_common/pico_double/double_init_rom.c.obj
 .comment       0x0000000000000033       0x34 CMakeFiles/blink.dir/apps/pico-sdk/src/rp2_common/pico_float/float_init_rom.c.obj
 .comment       0x0000000000000033       0x34 CMakeFiles/blink.dir/apps/pico-sdk/src/rp2_common/pico_standard_link/binary_info.c.obj
 .comment       0x0000000000000033       0x34 CMakeFiles/blink.dir/apps/pico-sdk/src/rp2_common/pico_stdio/stdio.c.obj
 .comment       0x0000000000000033       0x34 CMakeFiles/blink.dir/apps/pico-sdk/src/rp2_common/pico_stdio_uart/stdio_uart.c.obj
 .comment       0x0000000000000033       0x34 /apps/gcc-arm-none/bin/../lib/gcc/arm-none-eabi/11.3.1/thumb/v6-m/nofp/libgcc.a(unwind-arm.o)
 .comment       0x0000000000000033       0x34 /apps/gcc-arm-none/bin/../lib/gcc/arm-none-eabi/11.3.1/thumb/v6-m/nofp/libgcc.a(pr-support.o)
 .comment       0x0000000000000033       0x34 /apps/gcc-arm-none/bin/../lib/gcc/arm-none-eabi/11.3.1/../../../../arm-none-eabi/lib/thumb/v6-m/nofp/libc.a(libc_a-abort.o)
 .comment       0x0000000000000033       0x34 /apps/gcc-arm-none/bin/../lib/gcc/arm-none-eabi/11.3.1/../../../../arm-none-eabi/lib/thumb/v6-m/nofp/libc.a(libc_a-impure.o)
 .comment       0x0000000000000033       0x34 /apps/gcc-arm-none/bin/../lib/gcc/arm-none-eabi/11.3.1/../../../../arm-none-eabi/lib/thumb/v6-m/nofp/libc.a(libc_a-findfp.o)
 .comment       0x0000000000000033       0x34 /apps/gcc-arm-none/bin/../lib/gcc/arm-none-eabi/11.3.1/../../../../arm-none-eabi/lib/thumb/v6-m/nofp/libc.a(libc_a-strlen-stub.o)
 .comment       0x0000000000000033       0x34 /apps/gcc-arm-none/bin/../lib/gcc/arm-none-eabi/11.3.1/../../../../arm-none-eabi/lib/thumb/v6-m/nofp/libc.a(libc_a-signal.o)
 .comment       0x0000000000000033       0x34 /apps/gcc-arm-none/bin/../lib/gcc/arm-none-eabi/11.3.1/../../../../arm-none-eabi/lib/thumb/v6-m/nofp/libc.a(libc_a-signalr.o)
 .comment       0x0000000000000033       0x34 /apps/gcc-arm-none/bin/../lib/gcc/arm-none-eabi/11.3.1/../../../../arm-none-eabi/lib/thumb/v6-m/nofp/libc.a(libc_a-reent.o)
 .comment       0x0000000000000033       0x34 /apps/gcc-arm-none/bin/../lib/gcc/arm-none-eabi/11.3.1/thumb/v6-m/nofp/crtend.o

.debug_line     0x0000000000000000     0x2fb6
 .debug_line    0x0000000000000000       0x4a /apps/gcc-arm-none/bin/../lib/gcc/arm-none-eabi/11.3.1/thumb/v6-m/nofp/libgcc.a(_dvmd_tls.o)
 .debug_line    0x000000000000004a     0x1261 /apps/gcc-arm-none/bin/../lib/gcc/arm-none-eabi/11.3.1/thumb/v6-m/nofp/libgcc.a(unwind-arm.o)
 .debug_line    0x00000000000012ab       0x74 /apps/gcc-arm-none/bin/../lib/gcc/arm-none-eabi/11.3.1/thumb/v6-m/nofp/libgcc.a(libunwind.o)
 .debug_line    0x000000000000131f      0x5ea /apps/gcc-arm-none/bin/../lib/gcc/arm-none-eabi/11.3.1/thumb/v6-m/nofp/libgcc.a(pr-support.o)
 .debug_line    0x0000000000001909      0x16a /apps/gcc-arm-none/bin/../lib/gcc/arm-none-eabi/11.3.1/../../../../arm-none-eabi/lib/thumb/v6-m/nofp/libc.a(libc_a-abort.o)
 .debug_line    0x0000000000001a73       0xf7 /apps/gcc-arm-none/bin/../lib/gcc/arm-none-eabi/11.3.1/../../../../arm-none-eabi/lib/thumb/v6-m/nofp/libc.a(libc_a-impure.o)
 .debug_line    0x0000000000001b6a      0x700 /apps/gcc-arm-none/bin/../lib/gcc/arm-none-eabi/11.3.1/../../../../arm-none-eabi/lib/thumb/v6-m/nofp/libc.a(libc_a-findfp.o)
 .debug_line    0x000000000000226a      0x1da /apps/gcc-arm-none/bin/../lib/gcc/arm-none-eabi/11.3.1/../../../../arm-none-eabi/lib/thumb/v6-m/nofp/libc.a(libc_a-strlen-stub.o)
 .debug_line    0x0000000000002444      0x6d6 /apps/gcc-arm-none/bin/../lib/gcc/arm-none-eabi/11.3.1/../../../../arm-none-eabi/lib/thumb/v6-m/nofp/libc.a(libc_a-signal.o)
 .debug_line    0x0000000000002b1a      0x24e /apps/gcc-arm-none/bin/../lib/gcc/arm-none-eabi/11.3.1/../../../../arm-none-eabi/lib/thumb/v6-m/nofp/libc.a(libc_a-signalr.o)
 .debug_line    0x0000000000002d68      0x24e /apps/gcc-arm-none/bin/../lib/gcc/arm-none-eabi/11.3.1/../../../../arm-none-eabi/lib/thumb/v6-m/nofp/libc.a(libc_a-reent.o)

.debug_line_str
                0x0000000000000000       0xce
 .debug_line_str
                0x0000000000000000       0xc2 /apps/gcc-arm-none/bin/../lib/gcc/arm-none-eabi/11.3.1/thumb/v6-m/nofp/libgcc.a(_dvmd_tls.o)
                                         0xce (size before relaxing)
 .debug_line_str
                0x00000000000000c2        0xc /apps/gcc-arm-none/bin/../lib/gcc/arm-none-eabi/11.3.1/thumb/v6-m/nofp/libgcc.a(libunwind.o)
                                         0xce (size before relaxing)

.debug_info     0x0000000000000000     0x6008
 .debug_info    0x0000000000000000       0x24 /apps/gcc-arm-none/bin/../lib/gcc/arm-none-eabi/11.3.1/thumb/v6-m/nofp/libgcc.a(_dvmd_tls.o)
 .debug_info    0x0000000000000024     0x1f21 /apps/gcc-arm-none/bin/../lib/gcc/arm-none-eabi/11.3.1/thumb/v6-m/nofp/libgcc.a(unwind-arm.o)
 .debug_info    0x0000000000001f45       0x25 /apps/gcc-arm-none/bin/../lib/gcc/arm-none-eabi/11.3.1/thumb/v6-m/nofp/libgcc.a(libunwind.o)
 .debug_info    0x0000000000001f6a      0x9c6 /apps/gcc-arm-none/bin/../lib/gcc/arm-none-eabi/11.3.1/thumb/v6-m/nofp/libgcc.a(pr-support.o)
 .debug_info    0x0000000000002930       0xd8 /apps/gcc-arm-none/bin/../lib/gcc/arm-none-eabi/11.3.1/../../../../arm-none-eabi/lib/thumb/v6-m/nofp/libc.a(libc_a-abort.o)
 .debug_info    0x0000000000002a08      0x732 /apps/gcc-arm-none/bin/../lib/gcc/arm-none-eabi/11.3.1/../../../../arm-none-eabi/lib/thumb/v6-m/nofp/libc.a(libc_a-impure.o)
 .debug_info    0x000000000000313a     0x10c8 /apps/gcc-arm-none/bin/../lib/gcc/arm-none-eabi/11.3.1/../../../../arm-none-eabi/lib/thumb/v6-m/nofp/libc.a(libc_a-findfp.o)
 .debug_info    0x0000000000004202       0xeb /apps/gcc-arm-none/bin/../lib/gcc/arm-none-eabi/11.3.1/../../../../arm-none-eabi/lib/thumb/v6-m/nofp/libc.a(libc_a-strlen-stub.o)
 .debug_info    0x00000000000042ed      0xd30 /apps/gcc-arm-none/bin/../lib/gcc/arm-none-eabi/11.3.1/../../../../arm-none-eabi/lib/thumb/v6-m/nofp/libc.a(libc_a-signal.o)
 .debug_info    0x000000000000501d      0x7fe /apps/gcc-arm-none/bin/../lib/gcc/arm-none-eabi/11.3.1/../../../../arm-none-eabi/lib/thumb/v6-m/nofp/libc.a(libc_a-signalr.o)
 .debug_info    0x000000000000581b      0x7ed /apps/gcc-arm-none/bin/../lib/gcc/arm-none-eabi/11.3.1/../../../../arm-none-eabi/lib/thumb/v6-m/nofp/libc.a(libc_a-reent.o)

.debug_abbrev   0x0000000000000000     0x15ff
 .debug_abbrev  0x0000000000000000       0x14 /apps/gcc-arm-none/bin/../lib/gcc/arm-none-eabi/11.3.1/thumb/v6-m/nofp/libgcc.a(_dvmd_tls.o)
 .debug_abbrev  0x0000000000000014      0x47c /apps/gcc-arm-none/bin/../lib/gcc/arm-none-eabi/11.3.1/thumb/v6-m/nofp/libgcc.a(unwind-arm.o)
 .debug_abbrev  0x0000000000000490       0x14 /apps/gcc-arm-none/bin/../lib/gcc/arm-none-eabi/11.3.1/thumb/v6-m/nofp/libgcc.a(libunwind.o)
 .debug_abbrev  0x00000000000004a4      0x2eb /apps/gcc-arm-none/bin/../lib/gcc/arm-none-eabi/11.3.1/thumb/v6-m/nofp/libgcc.a(pr-support.o)
 .debug_abbrev  0x000000000000078f       0x99 /apps/gcc-arm-none/bin/../lib/gcc/arm-none-eabi/11.3.1/../../../../arm-none-eabi/lib/thumb/v6-m/nofp/libc.a(libc_a-abort.o)
 .debug_abbrev  0x0000000000000828      0x185 /apps/gcc-arm-none/bin/../lib/gcc/arm-none-eabi/11.3.1/../../../../arm-none-eabi/lib/thumb/v6-m/nofp/libc.a(libc_a-impure.o)
 .debug_abbrev  0x00000000000009ad      0x462 /apps/gcc-arm-none/bin/../lib/gcc/arm-none-eabi/11.3.1/../../../../arm-none-eabi/lib/thumb/v6-m/nofp/libc.a(libc_a-findfp.o)
 .debug_abbrev  0x0000000000000e0f       0x90 /apps/gcc-arm-none/bin/../lib/gcc/arm-none-eabi/11.3.1/../../../../arm-none-eabi/lib/thumb/v6-m/nofp/libc.a(libc_a-strlen-stub.o)
 .debug_abbrev  0x0000000000000e9f      0x30f /apps/gcc-arm-none/bin/../lib/gcc/arm-none-eabi/11.3.1/../../../../arm-none-eabi/lib/thumb/v6-m/nofp/libc.a(libc_a-signal.o)
 .debug_abbrev  0x00000000000011ae      0x229 /apps/gcc-arm-none/bin/../lib/gcc/arm-none-eabi/11.3.1/../../../../arm-none-eabi/lib/thumb/v6-m/nofp/libc.a(libc_a-signalr.o)
 .debug_abbrev  0x00000000000013d7      0x228 /apps/gcc-arm-none/bin/../lib/gcc/arm-none-eabi/11.3.1/../../../../arm-none-eabi/lib/thumb/v6-m/nofp/libc.a(libc_a-reent.o)

.debug_aranges  0x0000000000000000      0x2f0
 .debug_aranges
                0x0000000000000000       0x20 /apps/gcc-arm-none/bin/../lib/gcc/arm-none-eabi/11.3.1/thumb/v6-m/nofp/libgcc.a(_dvmd_tls.o)
 .debug_aranges
                0x0000000000000020       0xf0 /apps/gcc-arm-none/bin/../lib/gcc/arm-none-eabi/11.3.1/thumb/v6-m/nofp/libgcc.a(unwind-arm.o)
 .debug_aranges
                0x0000000000000110       0x20 /apps/gcc-arm-none/bin/../lib/gcc/arm-none-eabi/11.3.1/thumb/v6-m/nofp/libgcc.a(libunwind.o)
 .debug_aranges
                0x0000000000000130       0x58 /apps/gcc-arm-none/bin/../lib/gcc/arm-none-eabi/11.3.1/thumb/v6-m/nofp/libgcc.a(pr-support.o)
 .debug_aranges
                0x0000000000000188       0x20 /apps/gcc-arm-none/bin/../lib/gcc/arm-none-eabi/11.3.1/../../../../arm-none-eabi/lib/thumb/v6-m/nofp/libc.a(libc_a-abort.o)
 .debug_aranges
                0x00000000000001a8       0x18 /apps/gcc-arm-none/bin/../lib/gcc/arm-none-eabi/11.3.1/../../../../arm-none-eabi/lib/thumb/v6-m/nofp/libc.a(libc_a-impure.o)
 .debug_aranges
                0x00000000000001c0       0x70 /apps/gcc-arm-none/bin/../lib/gcc/arm-none-eabi/11.3.1/../../../../arm-none-eabi/lib/thumb/v6-m/nofp/libc.a(libc_a-findfp.o)
 .debug_aranges
                0x0000000000000230       0x20 /apps/gcc-arm-none/bin/../lib/gcc/arm-none-eabi/11.3.1/../../../../arm-none-eabi/lib/thumb/v6-m/nofp/libc.a(libc_a-strlen-stub.o)
 .debug_aranges
                0x0000000000000250       0x58 /apps/gcc-arm-none/bin/../lib/gcc/arm-none-eabi/11.3.1/../../../../arm-none-eabi/lib/thumb/v6-m/nofp/libc.a(libc_a-signal.o)
 .debug_aranges
                0x00000000000002a8       0x28 /apps/gcc-arm-none/bin/../lib/gcc/arm-none-eabi/11.3.1/../../../../arm-none-eabi/lib/thumb/v6-m/nofp/libc.a(libc_a-signalr.o)
 .debug_aranges
                0x00000000000002d0       0x20 /apps/gcc-arm-none/bin/../lib/gcc/arm-none-eabi/11.3.1/../../../../arm-none-eabi/lib/thumb/v6-m/nofp/libc.a(libc_a-reent.o)

.debug_str      0x0000000000000000     0x171d
 .debug_str     0x0000000000000000       0xce /apps/gcc-arm-none/bin/../lib/gcc/arm-none-eabi/11.3.1/thumb/v6-m/nofp/libgcc.a(_dvmd_tls.o)
 .debug_str     0x00000000000000ce      0xb80 /apps/gcc-arm-none/bin/../lib/gcc/arm-none-eabi/11.3.1/thumb/v6-m/nofp/libgcc.a(unwind-arm.o)
                                        0xc95 (size before relaxing)
 .debug_str     0x0000000000000c4e       0x53 /apps/gcc-arm-none/bin/../lib/gcc/arm-none-eabi/11.3.1/thumb/v6-m/nofp/libgcc.a(libunwind.o)
                                         0xce (size before relaxing)
 .debug_str     0x0000000000000ca1      0x102 /apps/gcc-arm-none/bin/../lib/gcc/arm-none-eabi/11.3.1/thumb/v6-m/nofp/libgcc.a(pr-support.o)
                                        0x5e8 (size before relaxing)
 .debug_str     0x0000000000000da3      0x16b /apps/gcc-arm-none/bin/../lib/gcc/arm-none-eabi/11.3.1/../../../../arm-none-eabi/lib/thumb/v6-m/nofp/libc.a(libc_a-abort.o)
                                        0x1fc (size before relaxing)
 .debug_str     0x0000000000000f0e      0x343 /apps/gcc-arm-none/bin/../lib/gcc/arm-none-eabi/11.3.1/../../../../arm-none-eabi/lib/thumb/v6-m/nofp/libc.a(libc_a-impure.o)
                                        0x50e (size before relaxing)
 .debug_str     0x0000000000001251      0x2a1 /apps/gcc-arm-none/bin/../lib/gcc/arm-none-eabi/11.3.1/../../../../arm-none-eabi/lib/thumb/v6-m/nofp/libc.a(libc_a-findfp.o)
                                        0x791 (size before relaxing)
 .debug_str     0x00000000000014f2       0x79 /apps/gcc-arm-none/bin/../lib/gcc/arm-none-eabi/11.3.1/../../../../arm-none-eabi/lib/thumb/v6-m/nofp/libc.a(libc_a-strlen-stub.o)
                                        0x216 (size before relaxing)
 .debug_str     0x000000000000156b       0xc1 /apps/gcc-arm-none/bin/../lib/gcc/arm-none-eabi/11.3.1/../../../../arm-none-eabi/lib/thumb/v6-m/nofp/libc.a(libc_a-signal.o)
                                        0x590 (size before relaxing)
 .debug_str     0x000000000000162c       0x71 /apps/gcc-arm-none/bin/../lib/gcc/arm-none-eabi/11.3.1/../../../../arm-none-eabi/lib/thumb/v6-m/nofp/libc.a(libc_a-signalr.o)
                                        0x525 (size before relaxing)
 .debug_str     0x000000000000169d       0x80 /apps/gcc-arm-none/bin/../lib/gcc/arm-none-eabi/11.3.1/../../../../arm-none-eabi/lib/thumb/v6-m/nofp/libc.a(libc_a-reent.o)
                                        0x528 (size before relaxing)

.debug_loclists
                0x0000000000000000     0x2403
 .debug_loclists
                0x0000000000000000     0x1702 /apps/gcc-arm-none/bin/../lib/gcc/arm-none-eabi/11.3.1/thumb/v6-m/nofp/libgcc.a(unwind-arm.o)
 .debug_loclists
                0x0000000000001702      0x421 /apps/gcc-arm-none/bin/../lib/gcc/arm-none-eabi/11.3.1/thumb/v6-m/nofp/libgcc.a(pr-support.o)
 .debug_loclists
                0x0000000000001b23      0x2be /apps/gcc-arm-none/bin/../lib/gcc/arm-none-eabi/11.3.1/../../../../arm-none-eabi/lib/thumb/v6-m/nofp/libc.a(libc_a-findfp.o)
 .debug_loclists
                0x0000000000001de1       0x5e /apps/gcc-arm-none/bin/../lib/gcc/arm-none-eabi/11.3.1/../../../../arm-none-eabi/lib/thumb/v6-m/nofp/libc.a(libc_a-strlen-stub.o)
 .debug_loclists
                0x0000000000001e3f      0x4e8 /apps/gcc-arm-none/bin/../lib/gcc/arm-none-eabi/11.3.1/../../../../arm-none-eabi/lib/thumb/v6-m/nofp/libc.a(libc_a-signal.o)
 .debug_loclists
                0x0000000000002327       0x93 /apps/gcc-arm-none/bin/../lib/gcc/arm-none-eabi/11.3.1/../../../../arm-none-eabi/lib/thumb/v6-m/nofp/libc.a(libc_a-signalr.o)
 .debug_loclists
                0x00000000000023ba       0x49 /apps/gcc-arm-none/bin/../lib/gcc/arm-none-eabi/11.3.1/../../../../arm-none-eabi/lib/thumb/v6-m/nofp/libc.a(libc_a-reent.o)

.debug_rnglists
                0x0000000000000000      0x3a3
 .debug_rnglists
                0x0000000000000000      0x170 /apps/gcc-arm-none/bin/../lib/gcc/arm-none-eabi/11.3.1/thumb/v6-m/nofp/libgcc.a(unwind-arm.o)
 .debug_rnglists
                0x0000000000000170       0x5d /apps/gcc-arm-none/bin/../lib/gcc/arm-none-eabi/11.3.1/thumb/v6-m/nofp/libgcc.a(pr-support.o)
 .debug_rnglists
                0x00000000000001cd       0x13 /apps/gcc-arm-none/bin/../lib/gcc/arm-none-eabi/11.3.1/../../../../arm-none-eabi/lib/thumb/v6-m/nofp/libc.a(libc_a-abort.o)
 .debug_rnglists
                0x00000000000001e0      0x10b /apps/gcc-arm-none/bin/../lib/gcc/arm-none-eabi/11.3.1/../../../../arm-none-eabi/lib/thumb/v6-m/nofp/libc.a(libc_a-findfp.o)
 .debug_rnglists
                0x00000000000002eb       0x13 /apps/gcc-arm-none/bin/../lib/gcc/arm-none-eabi/11.3.1/../../../../arm-none-eabi/lib/thumb/v6-m/nofp/libc.a(libc_a-strlen-stub.o)
 .debug_rnglists
                0x00000000000002fe       0x79 /apps/gcc-arm-none/bin/../lib/gcc/arm-none-eabi/11.3.1/../../../../arm-none-eabi/lib/thumb/v6-m/nofp/libc.a(libc_a-signal.o)
 .debug_rnglists
                0x0000000000000377       0x19 /apps/gcc-arm-none/bin/../lib/gcc/arm-none-eabi/11.3.1/../../../../arm-none-eabi/lib/thumb/v6-m/nofp/libc.a(libc_a-signalr.o)
 .debug_rnglists
                0x0000000000000390       0x13 /apps/gcc-arm-none/bin/../lib/gcc/arm-none-eabi/11.3.1/../../../../arm-none-eabi/lib/thumb/v6-m/nofp/libc.a(libc_a-reent.o)

.debug_frame    0x0000000000000000      0x69c
 .debug_frame   0x0000000000000000      0x2b4 /apps/gcc-arm-none/bin/../lib/gcc/arm-none-eabi/11.3.1/thumb/v6-m/nofp/libgcc.a(unwind-arm.o)
 .debug_frame   0x00000000000002b4       0xf4 /apps/gcc-arm-none/bin/../lib/gcc/arm-none-eabi/11.3.1/thumb/v6-m/nofp/libgcc.a(pr-support.o)
 .debug_frame   0x00000000000003a8       0x28 /apps/gcc-arm-none/bin/../lib/gcc/arm-none-eabi/11.3.1/../../../../arm-none-eabi/lib/thumb/v6-m/nofp/libc.a(libc_a-abort.o)
 .debug_frame   0x00000000000003d0      0x13c /apps/gcc-arm-none/bin/../lib/gcc/arm-none-eabi/11.3.1/../../../../arm-none-eabi/lib/thumb/v6-m/nofp/libc.a(libc_a-findfp.o)
 .debug_frame   0x000000000000050c       0x28 /apps/gcc-arm-none/bin/../lib/gcc/arm-none-eabi/11.3.1/../../../../arm-none-eabi/lib/thumb/v6-m/nofp/libc.a(libc_a-strlen-stub.o)
 .debug_frame   0x0000000000000534       0xf8 /apps/gcc-arm-none/bin/../lib/gcc/arm-none-eabi/11.3.1/../../../../arm-none-eabi/lib/thumb/v6-m/nofp/libc.a(libc_a-signal.o)
 .debug_frame   0x000000000000062c       0x44 /apps/gcc-arm-none/bin/../lib/gcc/arm-none-eabi/11.3.1/../../../../arm-none-eabi/lib/thumb/v6-m/nofp/libc.a(libc_a-signalr.o)
 .debug_frame   0x0000000000000670       0x2c /apps/gcc-arm-none/bin/../lib/gcc/arm-none-eabi/11.3.1/../../../../arm-none-eabi/lib/thumb/v6-m/nofp/libc.a(libc_a-reent.o)